#
# There is insufficient memory for the Java Runtime Environment to continue.
# Native memory allocation (malloc) failed to allocate 1155376 bytes for Chunk::new
# Possible reasons:
#   The system is out of physical RAM or swap space
#   The process is running with CompressedOops enabled, and the Java Heap may be blocking the growth of the native heap
# Possible solutions:
#   Reduce memory load on the system
#   Increase physical memory or swap space
#   Check if swap backing store is full
#   Decrease Java heap size (-Xmx/-Xms)
#   Decrease number of Java threads
#   Decrease Java thread stack sizes (-Xss)
#   Set larger code cache with -XX:ReservedCodeCacheSize=
#   JVM is running with Unscaled Compressed Oops mode in which the Java heap is
#     placed in the first 4GB address space. The Java Heap base address is the
#     maximum limit for the native heap growth. Please use -XX:HeapBaseMinAddress
#     to set the Java Heap base and to place the Java Heap above 4GB virtual address.
# This output file may be truncated or incomplete.
#
#  Out of Memory Error (allocation.cpp:389), pid=13100, tid=0x0000000000000314
#
# JRE version: OpenJDK Runtime Environment (8.0_202-b03) (build 1.8.0_202-release-1483-b03)
# Java VM: OpenJDK 64-Bit Server VM (25.202-b03 mixed mode windows-amd64 compressed oops)
# Failed to write core dump. Minidumps are not enabled by default on client versions of Windows
#

---------------  T H R E A D  ---------------

Current thread (0x00000000169ee000):  JavaThread "C2 CompilerThread0" daemon [_thread_in_native, id=788, stack(0x0000000018050000,0x0000000018150000)]

Stack: [0x0000000018050000,0x0000000018150000]
[error occurred during error reporting (printing stack bounds), id 0xc0000005]

Native frames: (J=compiled Java code, j=interpreted, Vv=VM code, C=native code)


Current CompileTask:
C2:  84238 12756   !   4       java.io.ObjectInputStream::readObject0 (566 bytes)


---------------  P R O C E S S  ---------------

Java Threads: ( => current thread )
  0x000000001f700000 JavaThread "stdout" [_thread_in_native, id=10484, stack(0x00000000272b0000,0x00000000273b0000)]
  0x000000001f6fb800 JavaThread "stderr" [_thread_in_native, id=12252, stack(0x00000000271b0000,0x00000000272b0000)]
  0x000000001cdb3800 JavaThread "stdout" [_thread_in_native, id=736, stack(0x00000000270b0000,0x00000000271b0000)]
  0x0000000020f82000 JavaThread "stderr" [_thread_in_native, id=10460, stack(0x0000000026fb0000,0x00000000270b0000)]
  0x0000000020f81800 JavaThread "stdout" [_thread_in_native, id=5272, stack(0x0000000026eb0000,0x0000000026fb0000)]
  0x0000000020f87800 JavaThread "stderr" [_thread_in_native, id=11124, stack(0x0000000026db0000,0x0000000026eb0000)]
  0x0000000020f86800 JavaThread "stdout" [_thread_in_native, id=1324, stack(0x0000000026cb0000,0x0000000026db0000)]
  0x0000000020f80800 JavaThread "stderr" [_thread_in_native, id=12964, stack(0x0000000026aa0000,0x0000000026ba0000)]
  0x0000000020f83800 JavaThread "pool-3-thread-1" [_thread_blocked, id=12364, stack(0x00000000269a0000,0x0000000026aa0000)]
  0x0000000020f83000 JavaThread "MarlinRenderer Disposer" daemon [_thread_blocked, id=6484, stack(0x0000000026bb0000,0x0000000026cb0000)]
  0x0000000020f86000 JavaThread "Java2D Disposer" daemon [_thread_blocked, id=8528, stack(0x00000000266a0000,0x00000000267a0000)]
  0x0000000020f78800 JavaThread "WorkerExecutor Queue Thread 4" [_thread_blocked, id=6720, stack(0x00000000262a0000,0x00000000263a0000)]
  0x0000000020f79000 JavaThread "WorkerExecutor Queue Thread 3" [_thread_blocked, id=7660, stack(0x0000000025ea0000,0x0000000025fa0000)]
  0x0000000020f7f000 JavaThread "WorkerExecutor Queue Thread 2" [_thread_blocked, id=5832, stack(0x0000000025da0000,0x0000000025ea0000)]
  0x0000000020f7a000 JavaThread "WorkerExecutor Queue" [_thread_blocked, id=12692, stack(0x0000000025ca0000,0x0000000025da0000)]
  0x0000000020f7e800 JavaThread "Cache worker for execution history cache (D:\GeniusPayHr\.gradle\5.4.1\executionHistory)" [_thread_blocked, id=12496, stack(0x00000000257b0000,0x00000000258b0000)]
  0x0000000020f7b800 JavaThread "Execution worker for ':' Thread 3" [_thread_blocked, id=12656, stack(0x0000000025ba0000,0x0000000025ca0000)]
  0x0000000019454000 JavaThread "Execution worker for ':' Thread 2" [_thread_blocked, id=5608, stack(0x0000000025aa0000,0x0000000025ba0000)]
  0x0000000019450000 JavaThread "Execution worker for ':'" [_thread_blocked, id=12512, stack(0x00000000014a0000,0x00000000015a0000)]
  0x000000001cdb4000 JavaThread "Cache worker for file content cache (D:\GeniusPayHr\.gradle\5.4.1\fileContent)" [_thread_blocked, id=9620, stack(0x00000000256b0000,0x00000000257b0000)]
  0x000000001cdb8000 JavaThread "Cache worker for file content cache (C:\Users\USER214.GCLKOL0214\.gradle\caches\5.4.1\fileContent)" [_thread_blocked, id=12640, stack(0x00000000255b0000,0x00000000256b0000)]
  0x000000001cdb7000 JavaThread "Cache worker for Build Output Cleanup Cache (D:\GeniusPayHr\.gradle\buildOutputCleanup)" [_thread_blocked, id=3596, stack(0x00000000252b0000,0x00000000253b0000)]
  0x000000001cdb6800 JavaThread "Build operations Thread 4" [_thread_blocked, id=9932, stack(0x00000000251b0000,0x00000000252b0000)]
  0x000000001cdb5000 JavaThread "Build operations Thread 3" [_thread_blocked, id=9976, stack(0x00000000250b0000,0x00000000251b0000)]
  0x000000001cdb5800 JavaThread "Build operations Thread 2" [_thread_blocked, id=8492, stack(0x0000000024fb0000,0x00000000250b0000)]
  0x000000001cdab800 JavaThread "Build operations" [_thread_blocked, id=7460, stack(0x0000000022170000,0x0000000022270000)]
  0x000000001cdaf800 JavaThread "Cache worker for cache directory md-rule (C:\Users\USER214.GCLKOL0214\.gradle\caches\5.4.1\md-rule)" [_thread_blocked, id=2744, stack(0x0000000022070000,0x0000000022170000)]
  0x000000001cdb2800 JavaThread "Cache worker for cache directory md-supplier (C:\Users\USER214.GCLKOL0214\.gradle\caches\5.4.1\md-supplier)" [_thread_blocked, id=2780, stack(0x0000000021f70000,0x0000000022070000)]
  0x000000001cdae800 JavaThread "Cache worker for file hash cache (D:\GeniusPayHr\.gradle\5.4.1\fileHashes)" [_thread_blocked, id=12764, stack(0x0000000021c00000,0x0000000021d00000)]
  0x000000001cdb2000 JavaThread "Thread-30" [_thread_blocked, id=11416, stack(0x00000000218b0000,0x00000000219b0000)]
  0x000000001cdae000 JavaThread "Stdin handler" [_thread_blocked, id=2148, stack(0x000000001ea10000,0x000000001eb10000)]
  0x000000001cdad000 JavaThread "Asynchronous log dispatcher for DefaultDaemonConnection: socket connection from /127.0.0.1:57603 to /127.0.0.1:57616" [_thread_blocked, id=708, stack(0x000000001b2a0000,0x000000001b3a0000)]
  0x000000001cdaa000 JavaThread "Cancel handler" [_thread_blocked, id=6928, stack(0x000000001aea0000,0x000000001afa0000)]
  0x000000001cdac800 JavaThread "Handler for socket connection from /127.0.0.1:57603 to /127.0.0.1:57616" [_thread_in_native, id=1544, stack(0x000000001aba0000,0x000000001aca0000)]
  0x000000001cdb1000 JavaThread "Memory manager" [_thread_blocked, id=12564, stack(0x00000000233e0000,0x00000000234e0000)]
  0x000000001cdab000 JavaThread "Cache worker for execution history cache (C:\Users\USER214.GCLKOL0214\.gradle\caches\5.4.1\executionHistory)" [_thread_blocked, id=3928, stack(0x0000000020330000,0x0000000020430000)]
  0x0000000019456000 JavaThread "Cache worker for journal cache (C:\Users\USER214.GCLKOL0214\.gradle\caches\journal-1)" [_thread_blocked, id=5712, stack(0x000000001b5a0000,0x000000001b6a0000)]
  0x0000000019451800 JavaThread "File lock request listener" [_thread_in_native, id=6212, stack(0x000000001b4a0000,0x000000001b5a0000)]
  0x0000000019451000 JavaThread "Cache worker for file hash cache (C:\Users\USER214.GCLKOL0214\.gradle\caches\5.4.1\fileHashes)" [_thread_blocked, id=5752, stack(0x000000001b3a0000,0x000000001b4a0000)]
  0x0000000018552000 JavaThread "Daemon worker" [_thread_blocked, id=12568, stack(0x000000001afa0000,0x000000001b0a0000)]
  0x0000000018ade800 JavaThread "Daemon" [_thread_blocked, id=4276, stack(0x000000001aaa0000,0x000000001aba0000)]
  0x000000001913e000 JavaThread "Daemon periodic checks" [_thread_blocked, id=12816, stack(0x000000001a9a0000,0x000000001aaa0000)]
  0x0000000019673800 JavaThread "Incoming local TCP Connector on port 57603" [_thread_in_native, id=8288, stack(0x000000001a760000,0x000000001a860000)]
  0x0000000019a11800 JavaThread "Daemon health stats" [_thread_blocked, id=8264, stack(0x000000001a120000,0x000000001a220000)]
  0x0000000018379800 JavaThread "Service Thread" daemon [_thread_blocked, id=9504, stack(0x0000000018750000,0x0000000018850000)]
  0x0000000016a04800 JavaThread "C1 CompilerThread2" daemon [_thread_blocked, id=8448, stack(0x0000000018250000,0x0000000018350000)]
  0x00000000169f0000 JavaThread "C2 CompilerThread1" daemon [_thread_in_native, id=13156, stack(0x0000000018150000,0x0000000018250000)]
=>0x00000000169ee000 JavaThread "C2 CompilerThread0" daemon [_thread_in_native, id=788, stack(0x0000000018050000,0x0000000018150000)]
  0x00000000169ec000 JavaThread "Attach Listener" daemon [_thread_blocked, id=12400, stack(0x0000000017f50000,0x0000000018050000)]
  0x00000000169eb000 JavaThread "Signal Dispatcher" daemon [_thread_blocked, id=12408, stack(0x0000000017e50000,0x0000000017f50000)]
  0x000000000307c800 JavaThread "Finalizer" daemon [_thread_blocked, id=244, stack(0x0000000017c50000,0x0000000017d50000)]
  0x00000000169d9000 JavaThread "Reference Handler" daemon [_thread_blocked, id=6712, stack(0x0000000017b50000,0x0000000017c50000)]
  0x000000000119e000 JavaThread "main" [_thread_blocked, id=10372, stack(0x0000000002da0000,0x0000000002ea0000)]

Other Threads:
  0x00000000169b5800 VMThread [stack: 0x0000000017a50000,0x0000000017b50000] [id=12284]
  0x0000000018382000 WatcherThread [stack: 0x0000000018850000,0x0000000018950000] [id=580]

VM state:not at safepoint (normal execution)

VM Mutex/Monitor currently owned by a thread: None

heap address: 0x00000000a0000000, size: 1536 MB, Compressed Oops mode: 32-bit
Narrow klass base: 0x0000000000000000, Narrow klass shift: 3
Compressed class space size: 1073741824 Address: 0x0000000100000000

Heap:
 PSYoungGen      total 260608K, used 178683K [0x00000000e0000000, 0x00000000f3080000, 0x0000000100000000)
  eden space 228864K, 72% used [0x00000000e0000000,0x00000000ea152ba8,0x00000000edf80000)
  from space 31744K, 42% used [0x00000000f0200000,0x00000000f0f2c188,0x00000000f2100000)
  to   space 35328K, 0% used [0x00000000edf80000,0x00000000edf80000,0x00000000f0200000)
 ParOldGen       total 137728K, used 95511K [0x00000000a0000000, 0x00000000a8680000, 0x00000000e0000000)
  object space 137728K, 69% used [0x00000000a0000000,0x00000000a5d45d58,0x00000000a8680000)
 Metaspace       used 76071K, capacity 78660K, committed 78936K, reserved 1118208K
  class space    used 9696K, capacity 10294K, committed 10368K, reserved 1048576K

Card table byte_map: [0x0000000012440000,0x0000000012750000] byte_map_base: 0x0000000011f40000

Marking Bits: (ParMarkBitMap*) 0x000000005ad79f30
 Begin Bits: [0x0000000012d50000, 0x0000000014550000)
 End Bits:   [0x0000000014550000, 0x0000000015d50000)

Polling page: 0x00000000010f0000

CodeCache: size=245760Kb used=37298Kb max_used=37317Kb free=208461Kb
 bounds [0x0000000003080000, 0x0000000005520000, 0x0000000012080000]
 total_blobs=11942 nmethods=10978 adapters=878
 compilation: enabled

Compilation events (10 events):
Event: 83.975 Thread 0x0000000016a04800 12782       2       com.android.build.gradle.internal.LoggerWrapper::verbose (10 bytes)
Event: 83.975 Thread 0x0000000016a04800 nmethod 12782 0x0000000005501550 code [0x00000000055016c0, 0x0000000005501848]
Event: 83.995 Thread 0x00000000169ee000 nmethod 12775 0x0000000005510b50 code [0x0000000005510f20, 0x00000000055130b8]
Event: 83.995 Thread 0x00000000169ee000 12748 %     4       java.io.ObjectOutputStream$HandleTable::growSpine @ 41 (67 bytes)
Event: 83.998 Thread 0x00000000169ee000 nmethod 12748% 0x0000000005500e10 code [0x0000000005500f80, 0x0000000005501248]
Event: 83.998 Thread 0x00000000169ee000 12752   !   4       org.gradle.internal.classloader.ClasspathUtil$1::visitClassPath (81 bytes)
Event: 84.013 Thread 0x00000000169ee000 nmethod 12752 0x0000000005515ed0 code [0x00000000055160e0, 0x0000000005516d30]
Event: 84.013 Thread 0x00000000169ee000 12751       4       org.gradle.internal.classpath.DefaultClassPath$ImmutableUniqueList::<init> (110 bytes)
Event: 84.062 Thread 0x00000000169ee000 nmethod 12751 0x00000000055177d0 code [0x0000000005517ac0, 0x0000000005519a80]
Event: 84.062 Thread 0x00000000169ee000 12756   !   4       java.io.ObjectInputStream::readObject0 (566 bytes)

GC Heap History (10 events):
Event: 74.078 GC heap before
{Heap before GC invocations=17 (full 3):
 PSYoungGen      total 188928K, used 188363K [0x00000000e0000000, 0x00000000eef00000, 0x0000000100000000)
  eden space 171008K, 100% used [0x00000000e0000000,0x00000000ea700000,0x00000000ea700000)
  from space 17920K, 96% used [0x00000000ea700000,0x00000000eb7f2e38,0x00000000eb880000)
  to   space 19968K, 0% used [0x00000000edb80000,0x00000000edb80000,0x00000000eef00000)
 ParOldGen       total 137728K, used 38258K [0x00000000a0000000, 0x00000000a8680000, 0x00000000e0000000)
  object space 137728K, 27% used [0x00000000a0000000,0x00000000a255cba0,0x00000000a8680000)
 Metaspace       used 69130K, capacity 71432K, committed 71512K, reserved 1112064K
  class space    used 9026K, capacity 9582K, committed 9600K, reserved 1048576K
Event: 74.108 GC heap after
Heap after GC invocations=17 (full 3):
 PSYoungGen      total 218112K, used 19961K [0x00000000e0000000, 0x00000000ef700000, 0x0000000100000000)
  eden space 198144K, 0% used [0x00000000e0000000,0x00000000e0000000,0x00000000ec180000)
  from space 19968K, 99% used [0x00000000edb80000,0x00000000eeefe7e0,0x00000000eef00000)
  to   space 26624K, 0% used [0x00000000ec180000,0x00000000ec180000,0x00000000edb80000)
 ParOldGen       total 137728K, used 48171K [0x00000000a0000000, 0x00000000a8680000, 0x00000000e0000000)
  object space 137728K, 34% used [0x00000000a0000000,0x00000000a2f0ae38,0x00000000a8680000)
 Metaspace       used 69130K, capacity 71432K, committed 71512K, reserved 1112064K
  class space    used 9026K, capacity 9582K, committed 9600K, reserved 1048576K
}
Event: 78.723 GC heap before
{Heap before GC invocations=18 (full 3):
 PSYoungGen      total 218112K, used 218105K [0x00000000e0000000, 0x00000000ef700000, 0x0000000100000000)
  eden space 198144K, 100% used [0x00000000e0000000,0x00000000ec180000,0x00000000ec180000)
  from space 19968K, 99% used [0x00000000edb80000,0x00000000eeefe7e0,0x00000000eef00000)
  to   space 26624K, 0% used [0x00000000ec180000,0x00000000ec180000,0x00000000edb80000)
 ParOldGen       total 137728K, used 48171K [0x00000000a0000000, 0x00000000a8680000, 0x00000000e0000000)
  object space 137728K, 34% used [0x00000000a0000000,0x00000000a2f0ae38,0x00000000a8680000)
 Metaspace       used 72474K, capacity 74944K, committed 75096K, reserved 1114112K
  class space    used 9400K, capacity 9994K, committed 10112K, reserved 1048576K
Event: 78.766 GC heap after
Heap after GC invocations=18 (full 3):
 PSYoungGen      total 224768K, used 26605K [0x00000000e0000000, 0x00000000f2100000, 0x0000000100000000)
  eden space 198144K, 0% used [0x00000000e0000000,0x00000000e0000000,0x00000000ec180000)
  from space 26624K, 99% used [0x00000000ec180000,0x00000000edb7b608,0x00000000edb80000)
  to   space 31744K, 0% used [0x00000000f0200000,0x00000000f0200000,0x00000000f2100000)
 ParOldGen       total 137728K, used 52767K [0x00000000a0000000, 0x00000000a8680000, 0x00000000e0000000)
  object space 137728K, 38% used [0x00000000a0000000,0x00000000a3387c80,0x00000000a8680000)
 Metaspace       used 72474K, capacity 74944K, committed 75096K, reserved 1114112K
  class space    used 9400K, capacity 9994K, committed 10112K, reserved 1048576K
}
Event: 81.092 GC heap before
{Heap before GC invocations=19 (full 3):
 PSYoungGen      total 224768K, used 224749K [0x00000000e0000000, 0x00000000f2100000, 0x0000000100000000)
  eden space 198144K, 100% used [0x00000000e0000000,0x00000000ec180000,0x00000000ec180000)
  from space 26624K, 99% used [0x00000000ec180000,0x00000000edb7b608,0x00000000edb80000)
  to   space 31744K, 0% used [0x00000000f0200000,0x00000000f0200000,0x00000000f2100000)
 ParOldGen       total 137728K, used 52767K [0x00000000a0000000, 0x00000000a8680000, 0x00000000e0000000)
  object space 137728K, 38% used [0x00000000a0000000,0x00000000a3387c80,0x00000000a8680000)
 Metaspace       used 73282K, capacity 75738K, committed 75864K, reserved 1116160K
  class space    used 9444K, capacity 10019K, committed 10112K, reserved 1048576K
Event: 81.139 GC heap after
Heap after GC invocations=19 (full 3):
 PSYoungGen      total 260608K, used 28216K [0x00000000e0000000, 0x00000000f3080000, 0x0000000100000000)
  eden space 228864K, 0% used [0x00000000e0000000,0x00000000e0000000,0x00000000edf80000)
  from space 31744K, 88% used [0x00000000f0200000,0x00000000f1d8e320,0x00000000f2100000)
  to   space 35328K, 0% used [0x00000000edf80000,0x00000000edf80000,0x00000000f0200000)
 ParOldGen       total 137728K, used 71336K [0x00000000a0000000, 0x00000000a8680000, 0x00000000e0000000)
  object space 137728K, 51% used [0x00000000a0000000,0x00000000a45aa008,0x00000000a8680000)
 Metaspace       used 73282K, capacity 75738K, committed 75864K, reserved 1116160K
  class space    used 9444K, capacity 10019K, committed 10112K, reserved 1048576K
}
Event: 81.481 GC heap before
{Heap before GC invocations=20 (full 3):
 PSYoungGen      total 260608K, used 257080K [0x00000000e0000000, 0x00000000f3080000, 0x0000000100000000)
  eden space 228864K, 100% used [0x00000000e0000000,0x00000000edf80000,0x00000000edf80000)
  from space 31744K, 88% used [0x00000000f0200000,0x00000000f1d8e320,0x00000000f2100000)
  to   space 35328K, 0% used [0x00000000edf80000,0x00000000edf80000,0x00000000f0200000)
 ParOldGen       total 137728K, used 71336K [0x00000000a0000000, 0x00000000a8680000, 0x00000000e0000000)
  object space 137728K, 51% used [0x00000000a0000000,0x00000000a45aa008,0x00000000a8680000)
 Metaspace       used 74411K, capacity 76894K, committed 77272K, reserved 1116160K
  class space    used 9565K, capacity 10149K, committed 10240K, reserved 1048576K
Event: 81.532 GC heap after
Heap after GC invocations=20 (full 3):
 PSYoungGen      total 264192K, used 35321K [0x00000000e0000000, 0x00000000f3080000, 0x0000000100000000)
  eden space 228864K, 0% used [0x00000000e0000000,0x00000000e0000000,0x00000000edf80000)
  from space 35328K, 99% used [0x00000000edf80000,0x00000000f01fe7f0,0x00000000f0200000)
  to   space 31744K, 0% used [0x00000000f0200000,0x00000000f0200000,0x00000000f2100000)
 ParOldGen       total 137728K, used 76195K [0x00000000a0000000, 0x00000000a8680000, 0x00000000e0000000)
  object space 137728K, 55% used [0x00000000a0000000,0x00000000a4a68fd8,0x00000000a8680000)
 Metaspace       used 74411K, capacity 76894K, committed 77272K, reserved 1116160K
  class space    used 9565K, capacity 10149K, committed 10240K, reserved 1048576K
}
Event: 82.772 GC heap before
{Heap before GC invocations=21 (full 3):
 PSYoungGen      total 264192K, used 264185K [0x00000000e0000000, 0x00000000f3080000, 0x0000000100000000)
  eden space 228864K, 100% used [0x00000000e0000000,0x00000000edf80000,0x00000000edf80000)
  from space 35328K, 99% used [0x00000000edf80000,0x00000000f01fe7f0,0x00000000f0200000)
  to   space 31744K, 0% used [0x00000000f0200000,0x00000000f0200000,0x00000000f2100000)
 ParOldGen       total 137728K, used 76196K [0x00000000a0000000, 0x00000000a8680000, 0x00000000e0000000)
  object space 137728K, 55% used [0x00000000a0000000,0x00000000a4a69090,0x00000000a8680000)
 Metaspace       used 75749K, capacity 78306K, committed 78680K, reserved 1118208K
  class space    used 9666K, capacity 10251K, committed 10368K, reserved 1048576K
Event: 82.826 GC heap after
Heap after GC invocations=21 (full 3):
 PSYoungGen      total 260608K, used 13488K [0x00000000e0000000, 0x00000000f3080000, 0x0000000100000000)
  eden space 228864K, 0% used [0x00000000e0000000,0x00000000e0000000,0x00000000edf80000)
  from space 31744K, 42% used [0x00000000f0200000,0x00000000f0f2c188,0x00000000f2100000)
  to   space 35328K, 0% used [0x00000000edf80000,0x00000000edf80000,0x00000000f0200000)
 ParOldGen       total 137728K, used 95511K [0x00000000a0000000, 0x00000000a8680000, 0x00000000e0000000)
  object space 137728K, 69% used [0x00000000a0000000,0x00000000a5d45d58,0x00000000a8680000)
 Metaspace       used 75749K, capacity 78306K, committed 78680K, reserved 1118208K
  class space    used 9666K, capacity 10251K, committed 10368K, reserved 1048576K
}

Deoptimization events (10 events):
Event: 83.340 Thread 0x0000000019450000 Uncommon trap: reason=unstable_if action=reinterpret pc=0x0000000005355b6c method=sun.nio.cs.UTF_8$Encoder.encodeArrayLoop(Ljava/nio/CharBuffer;Ljava/nio/ByteBuffer;)Ljava/nio/charset/CoderResult; @ 400
Event: 83.362 Thread 0x0000000019450000 Uncommon trap: reason=unstable_if action=reinterpret pc=0x0000000005334dec method=sun.nio.cs.UTF_8$Encoder.encodeArrayLoop(Ljava/nio/CharBuffer;Ljava/nio/ByteBuffer;)Ljava/nio/charset/CoderResult; @ 400
Event: 83.718 Thread 0x0000000019450000 Uncommon trap: reason=unstable_if action=reinterpret pc=0x0000000003e54eb4 method=sun.nio.cs.SingleByte$Encoder.encodeArrayLoop(Ljava/nio/CharBuffer;Ljava/nio/ByteBuffer;)Ljava/nio/charset/CoderResult; @ 70
Event: 83.739 Thread 0x0000000019450000 Uncommon trap: reason=unstable_if action=reinterpret pc=0x000000000322b308 method=com.sun.org.apache.xerces.internal.dom.ParentNode.checkNormalizationAfterInsert(Lcom/sun/org/apache/xerces/internal/dom/ChildNode;)V @ 27
Event: 83.786 Thread 0x0000000019450000 Uncommon trap: reason=unstable_if action=reinterpret pc=0x0000000005481e20 method=com.android.utils.XmlUtils.append(Lcom/android/utils/XmlUtils$PositionAwareStringBuilder;Lorg/w3c/dom/Node;Ljava/util/Map;Ljava/util/Set;)V @ 540
Event: 83.786 Thread 0x0000000019450000 Uncommon trap: reason=unstable_if action=reinterpret pc=0x0000000005481e20 method=com.android.utils.XmlUtils.append(Lcom/android/utils/XmlUtils$PositionAwareStringBuilder;Lorg/w3c/dom/Node;Ljava/util/Map;Ljava/util/Set;)V @ 540
Event: 83.809 Thread 0x0000000019450000 Uncommon trap: reason=unstable_if action=reinterpret pc=0x0000000005481e20 method=com.android.utils.XmlUtils.append(Lcom/android/utils/XmlUtils$PositionAwareStringBuilder;Lorg/w3c/dom/Node;Ljava/util/Map;Ljava/util/Set;)V @ 540
Event: 83.811 Thread 0x0000000019450000 Uncommon trap: reason=unstable_if action=reinterpret pc=0x00000000048df834 method=sun.nio.cs.UTF_8$Encoder.encodeArrayLoop(Ljava/nio/CharBuffer;Ljava/nio/ByteBuffer;)Ljava/nio/charset/CoderResult; @ 175
Event: 83.897 Thread 0x0000000019450000 Uncommon trap: reason=unstable_if action=reinterpret pc=0x0000000005257a18 method=java.io.ObjectOutputStream$ReplaceTable.lookup(Ljava/lang/Object;)Ljava/lang/Object; @ 10
Event: 83.897 Thread 0x0000000019450000 Uncommon trap: reason=unstable_if action=reinterpret pc=0x0000000005186484 method=java.io.ObjectOutputStream$ReplaceTable.lookup(Ljava/lang/Object;)Ljava/lang/Object; @ 10

Classes redefined (0 events):
No events

Internal exceptions (10 events):
Event: 81.753 Thread 0x0000000019450000 Implicit null exception at 0x00000000050b9ea2 to 0x00000000050ba321
Event: 81.753 Thread 0x0000000019450000 Implicit null exception at 0x000000000509cf74 to 0x000000000509d549
Event: 81.926 Thread 0x0000000019450000 Implicit null exception at 0x00000000041b5dd7 to 0x00000000041b6125
Event: 83.786 Thread 0x0000000019450000 Implicit null exception at 0x0000000005484251 to 0x0000000005481dfd
Event: 83.786 Thread 0x0000000019450000 Implicit null exception at 0x0000000005484251 to 0x0000000005481dfd
Event: 83.809 Thread 0x0000000019450000 Implicit null exception at 0x0000000005484251 to 0x0000000005481dfd
Event: 83.864 Thread 0x0000000019450000 Exception <a 'java/lang/NoSuchMethodError': <clinit>> (0x00000000e77e9060) thrown at [D:\src\AOSP-openjdk-cygwin\jdk8u\hotspot\src\share\vm\prims\jni.cpp, line 1614]
Event: 83.865 Thread 0x0000000019450000 Exception <a 'java/lang/NoSuchMethodError': <clinit>> (0x00000000e78030b8) thrown at [D:\src\AOSP-openjdk-cygwin\jdk8u\hotspot\src\share\vm\prims\jni.cpp, line 1614]
Event: 83.866 Thread 0x0000000019450000 Exception <a 'java/lang/NoSuchMethodError': <clinit>> (0x00000000e7807fa0) thrown at [D:\src\AOSP-openjdk-cygwin\jdk8u\hotspot\src\share\vm\prims\jni.cpp, line 1614]
Event: 83.866 Thread 0x0000000019450000 Exception <a 'java/lang/NoSuchMethodError': <clinit>> (0x00000000e83ccd48) thrown at [D:\src\AOSP-openjdk-cygwin\jdk8u\hotspot\src\share\vm\prims\jni.cpp, line 1614]

Events (10 events):
Event: 84.017 loading class com/android/utils/GrabProcessOutput$2
Event: 84.017 loading class com/android/utils/GrabProcessOutput$2 done
Event: 84.018 Thread 0x0000000020f80800 Thread added: 0x0000000020f80800
Event: 84.018 Thread 0x0000000020f86800 Thread added: 0x0000000020f86800
Event: 84.018 Thread 0x0000000020f87800 Thread added: 0x0000000020f87800
Event: 84.018 Thread 0x0000000020f81800 Thread added: 0x0000000020f81800
Event: 84.020 Thread 0x0000000020f82000 Thread added: 0x0000000020f82000
Event: 84.020 Thread 0x000000001cdb3800 Thread added: 0x000000001cdb3800
Event: 84.022 Thread 0x000000001f6fb800 Thread added: 0x000000001f6fb800
Event: 84.022 Thread 0x000000001f700000 Thread added: 0x000000001f700000


Dynamic libraries:
0x00007ff7b9eb0000 - 0x00007ff7b9ee1000 	C:\Program Files\Android\Android Studio2\jre\bin\java.exe
0x00007ff83f4e0000 - 0x00007ff83f6d0000 	C:\WINDOWS\SYSTEM32\ntdll.dll
0x00007ff83d590000 - 0x00007ff83d642000 	C:\WINDOWS\System32\KERNEL32.DLL
0x00007ff83d240000 - 0x00007ff83d4e3000 	C:\WINDOWS\System32\KERNELBASE.dll
0x00007ff83f370000 - 0x00007ff83f413000 	C:\WINDOWS\System32\ADVAPI32.dll
0x00007ff83df20000 - 0x00007ff83dfbe000 	C:\WINDOWS\System32\msvcrt.dll
0x00007ff83d9e0000 - 0x00007ff83da77000 	C:\WINDOWS\System32\sechost.dll
0x00007ff83ebf0000 - 0x00007ff83ed10000 	C:\WINDOWS\System32\RPCRT4.dll
0x00007ff83d760000 - 0x00007ff83d8f4000 	C:\WINDOWS\System32\USER32.dll
0x00007ff83c6f0000 - 0x00007ff83c711000 	C:\WINDOWS\System32\win32u.dll
0x00007ff83de10000 - 0x00007ff83de36000 	C:\WINDOWS\System32\GDI32.dll
0x00007ff83c920000 - 0x00007ff83cab4000 	C:\WINDOWS\System32\gdi32full.dll
0x00007ff83c880000 - 0x00007ff83c91e000 	C:\WINDOWS\System32\msvcp_win.dll
0x00007ff83c720000 - 0x00007ff83c81a000 	C:\WINDOWS\System32\ucrtbase.dll
0x00007ff830340000 - 0x00007ff8305c5000 	C:\WINDOWS\WinSxS\amd64_microsoft.windows.common-controls_6595b64144ccf1df_6.0.18362.535_none_e6c3b34713100821\COMCTL32.dll
0x00007ff83ef50000 - 0x00007ff83f286000 	C:\WINDOWS\System32\combase.dll
0x00007ff83c670000 - 0x00007ff83c6f0000 	C:\WINDOWS\System32\bcryptPrimitives.dll
0x00007ff83eec0000 - 0x00007ff83eeee000 	C:\WINDOWS\System32\IMM32.DLL
0x000000005a4d0000 - 0x000000005a5a2000 	C:\Program Files\Android\Android Studio2\jre\jre\bin\msvcr100.dll
0x000000005a5b0000 - 0x000000005adf6000 	C:\Program Files\Android\Android Studio2\jre\jre\bin\server\jvm.dll
0x00007ff83de40000 - 0x00007ff83de48000 	C:\WINDOWS\System32\PSAPI.DLL
0x00007ff834f50000 - 0x00007ff834f5a000 	C:\WINDOWS\SYSTEM32\VERSION.dll
0x00007ff82a8e0000 - 0x00007ff82a8e9000 	C:\WINDOWS\SYSTEM32\WSOCK32.dll
0x00007ff839cb0000 - 0x00007ff839cd4000 	C:\WINDOWS\SYSTEM32\WINMM.dll
0x00007ff83f290000 - 0x00007ff83f2ff000 	C:\WINDOWS\System32\WS2_32.dll
0x00007ff839c80000 - 0x00007ff839cad000 	C:\WINDOWS\SYSTEM32\winmmbase.dll
0x00007ff83d540000 - 0x00007ff83d58a000 	C:\WINDOWS\System32\cfgmgr32.dll
0x00007ff838e70000 - 0x00007ff838e7f000 	C:\Program Files\Android\Android Studio2\jre\jre\bin\verify.dll
0x00007ff81c090000 - 0x00007ff81c0b9000 	C:\Program Files\Android\Android Studio2\jre\jre\bin\java.dll
0x00007ff81c070000 - 0x00007ff81c086000 	C:\Program Files\Android\Android Studio2\jre\jre\bin\zip.dll
0x00007ff83e090000 - 0x00007ff83e775000 	C:\WINDOWS\System32\SHELL32.dll
0x00007ff83de50000 - 0x00007ff83def9000 	C:\WINDOWS\System32\shcore.dll
0x00007ff83cac0000 - 0x00007ff83d23f000 	C:\WINDOWS\System32\windows.storage.dll
0x00007ff83c3e0000 - 0x00007ff83c3ff000 	C:\WINDOWS\System32\profapi.dll
0x00007ff83c400000 - 0x00007ff83c44a000 	C:\WINDOWS\System32\powrprof.dll
0x00007ff83c3b0000 - 0x00007ff83c3c0000 	C:\WINDOWS\System32\UMPDC.dll
0x00007ff83eef0000 - 0x00007ff83ef42000 	C:\WINDOWS\System32\shlwapi.dll
0x00007ff83c450000 - 0x00007ff83c461000 	C:\WINDOWS\System32\kernel.appcore.dll
0x00007ff83d520000 - 0x00007ff83d537000 	C:\WINDOWS\System32\cryptsp.dll
0x00007ff814c40000 - 0x00007ff814c5a000 	C:\Program Files\Android\Android Studio2\jre\jre\bin\net.dll
0x00007ff83bc20000 - 0x00007ff83bc87000 	C:\WINDOWS\system32\mswsock.dll
0x00007ff8133b0000 - 0x00007ff8133c1000 	C:\Program Files\Android\Android Studio2\jre\jre\bin\nio.dll
0x00007ff82d740000 - 0x00007ff82d766000 	C:\Users\USER214.GCLKOL0214\.gradle\native\29\windows-amd64\native-platform.dll
0x00007ff82cc40000 - 0x00007ff82cc4d000 	C:\Program Files\Android\Android Studio2\jre\jre\bin\management.dll
0x00007ff83b790000 - 0x00007ff83b7c3000 	C:\WINDOWS\system32\rsaenh.dll
0x00007ff83d4f0000 - 0x00007ff83d516000 	C:\WINDOWS\System32\bcrypt.dll
0x00007ff83c2a0000 - 0x00007ff83c2c5000 	C:\WINDOWS\SYSTEM32\USERENV.dll
0x00007ff83bdf0000 - 0x00007ff83bdfc000 	C:\WINDOWS\SYSTEM32\CRYPTBASE.dll
0x00007ff83b930000 - 0x00007ff83b96a000 	C:\WINDOWS\SYSTEM32\IPHLPAPI.DLL
0x00007ff83d9d0000 - 0x00007ff83d9d8000 	C:\WINDOWS\System32\NSI.dll
0x00007ff832b80000 - 0x00007ff832b96000 	C:\WINDOWS\SYSTEM32\dhcpcsvc6.DLL
0x00007ff832b60000 - 0x00007ff832b7c000 	C:\WINDOWS\SYSTEM32\dhcpcsvc.DLL
0x00007ff83b970000 - 0x00007ff83ba3a000 	C:\WINDOWS\SYSTEM32\DNSAPI.dll
0x00007ff819cd0000 - 0x00007ff819cf4000 	C:\Program Files\Android\Android Studio2\jre\jre\bin\sunec.dll
0x00007ff830a30000 - 0x00007ff830a3a000 	C:\Windows\System32\rasadhlp.dll
0x00007ff832980000 - 0x00007ff8329f7000 	C:\WINDOWS\System32\fwpuclnt.dll
0x00007ff82dc60000 - 0x00007ff82dc6b000 	C:\Program Files\Android\Android Studio2\jre\jre\bin\sunmscapi.dll
0x00007ff83c520000 - 0x00007ff83c669000 	C:\WINDOWS\System32\CRYPT32.dll
0x00007ff83c3c0000 - 0x00007ff83c3d2000 	C:\WINDOWS\System32\MSASN1.dll
0x00007ff83b490000 - 0x00007ff83b4c1000 	C:\WINDOWS\SYSTEM32\ntmarta.dll
0x00007ff801020000 - 0x00007ff8011bc000 	C:\Program Files\Android\Android Studio2\jre\jre\bin\awt.dll
0x00007ff83d900000 - 0x00007ff83d9c4000 	C:\WINDOWS\System32\OLEAUT32.dll
0x00007ff83aa20000 - 0x00007ff83aa4d000 	C:\WINDOWS\SYSTEM32\dwmapi.dll
0x00007ff839000000 - 0x00007ff8395c0000 	C:\WINDOWS\SYSTEM32\d2d1.dll
0x00007ff83a510000 - 0x00007ff83a59f000 	C:\WINDOWS\SYSTEM32\apphelp.dll
0x00007ff83a6f0000 - 0x00007ff83a789000 	C:\WINDOWS\system32\uxtheme.dll

VM Arguments:
jvm_args: -Xmx1536m -Dfile.encoding=windows-1252 -Duser.country=US -Duser.language=en -Duser.variant 
java_command: org.gradle.launcher.daemon.bootstrap.GradleDaemon 5.4.1
java_class_path (initial): C:\Users\USER214.GCLKOL0214\.gradle\wrapper\dists\gradle-5.4.1-all\3221gyojl5jsh0helicew7rwx\gradle-5.4.1\lib\gradle-launcher-5.4.1.jar
Launcher Type: SUN_STANDARD

Environment Variables:
PATH=C:\WINDOWS\system32;C:\WINDOWS;C:\WINDOWS\System32\Wbem;C:\WINDOWS\System32\WindowsPowerShell\v1.0\;C:\WINDOWS\System32\OpenSSH\;C:\Program Files (x86)\Intel\Intel(R) Management Engine Components\DAL;C:\Program Files\Intel\Intel(R) Management Engine Components\DAL;C:\Program Files\Git\cmd;C:\Users\USER214.GCLKOL0214\AppData\Local\Microsoft\WindowsApps;
USERNAME=USER214
OS=Windows_NT
PROCESSOR_IDENTIFIER=Intel64 Family 6 Model 158 Stepping 10, GenuineIntel



---------------  S Y S T E M  ---------------

OS: Windows 10.0 , 64 bit Build 18362 (10.0.18362.329)

CPU:total 4 (initial active 4) (2 cores per cpu, 2 threads per core) family 6 model 158 stepping 10, cmov, cx8, fxsr, mmx, sse, sse2, sse3, ssse3, sse4.1, sse4.2, popcnt, aes, clmul, erms, 3dnowpref, lzcnt, ht, tsc, tscinvbit

Memory: 4k page, physical 8257900k(614396k free), swap 33423724k(3108k free)

vm_info: OpenJDK 64-Bit Server VM (25.202-b03) for windows-amd64 JRE (1.8.0_202-release-1483-b03), built by "builder" with MS VC++ 10.0 (VS2010)

time: Tue Feb 25 14:14:39 2020
timezone: India Standard Time
elapsed time: 84 seconds (0d 0h 1m 24s)

