#
# There is insufficient memory for the Java Runtime Environment to continue.
# Native memory allocation (malloc) failed to allocate 32744 bytes for ChunkPool::allocate
# Possible reasons:
#   The system is out of physical RAM or swap space
#   The process is running with CompressedOops enabled, and the Java Heap may be blocking the growth of the native heap
# Possible solutions:
#   Reduce memory load on the system
#   Increase physical memory or swap space
#   Check if swap backing store is full
#   Decrease Java heap size (-Xmx/-Xms)
#   Decrease number of Java threads
#   Decrease Java thread stack sizes (-Xss)
#   Set larger code cache with -XX:ReservedCodeCacheSize=
#   JVM is running with Unscaled Compressed Oops mode in which the Java heap is
#     placed in the first 4GB address space. The Java Heap base address is the
#     maximum limit for the native heap growth. Please use -XX:HeapBaseMinAddress
#     to set the Java Heap base and to place the Java Heap above 4GB virtual address.
# This output file may be truncated or incomplete.
#
#  Out of Memory Error (allocation.cpp:272), pid=11048, tid=0x0000000000001878
#
# JRE version: OpenJDK Runtime Environment (8.0_202-b03) (build 1.8.0_202-release-1483-b03)
# Java VM: OpenJDK 64-Bit Server VM (25.202-b03 mixed mode windows-amd64 compressed oops)
# Failed to write core dump. Minidumps are not enabled by default on client versions of Windows
#

---------------  T H R E A D  ---------------

Current thread (0x000000001658b800):  JavaThread "C2 CompilerThread0" daemon [_thread_in_native, id=6264, stack(0x0000000017be0000,0x0000000017ce0000)]

Stack: [0x0000000017be0000,0x0000000017ce0000]
[error occurred during error reporting (printing stack bounds), id 0xc0000005]

Native frames: (J=compiled Java code, j=interpreted, Vv=VM code, C=native code)


Current CompileTask:
C2:  17476 4243   !   4       com.sun.beans.TypeResolver::resolve (274 bytes)


---------------  P R O C E S S  ---------------

Java Threads: ( => current thread )
  0x000000001b4d1000 JavaThread "Cache worker for Build Output Cleanup Cache (D:\GeniusPayHr\.gradle\buildOutputCleanup)" [_thread_blocked, id=1116, stack(0x0000000022310000,0x0000000022410000)]
  0x000000001b4d5000 JavaThread "Build operations Thread 4" [_thread_blocked, id=9528, stack(0x0000000021c10000,0x0000000021d10000)]
  0x000000001b4d8000 JavaThread "Build operations Thread 3" [_thread_blocked, id=12704, stack(0x0000000021b10000,0x0000000021c10000)]
  0x000000001b4d7000 JavaThread "Build operations Thread 2" [_thread_blocked, id=4036, stack(0x0000000021a10000,0x0000000021b10000)]
  0x000000001b4d3800 JavaThread "Build operations" [_thread_blocked, id=5792, stack(0x0000000021910000,0x0000000021a10000)]
  0x000000001b4d4000 JavaThread "Cache worker for execution history cache (C:\Users\USER214.GCLKOL0214\.gradle\caches\5.4.1\executionHistory)" [_thread_blocked, id=6400, stack(0x0000000020fd0000,0x00000000210d0000)]
  0x000000001b4d2000 JavaThread "Cache worker for cache directory md-rule (C:\Users\USER214.GCLKOL0214\.gradle\caches\5.4.1\md-rule)" [_thread_blocked, id=3032, stack(0x000000001eba0000,0x000000001eca0000)]
  0x000000001b4d2800 JavaThread "Cache worker for cache directory md-supplier (C:\Users\USER214.GCLKOL0214\.gradle\caches\5.4.1\md-supplier)" [_thread_blocked, id=10448, stack(0x000000001eaa0000,0x000000001eba0000)]
  0x0000000019360800 JavaThread "Cache worker for file hash cache (D:\GeniusPayHr\.gradle\5.4.1\fileHashes)" [_thread_blocked, id=2464, stack(0x000000001d5d0000,0x000000001d6d0000)]
  0x0000000019361000 JavaThread "Cache worker for journal cache (C:\Users\USER214.GCLKOL0214\.gradle\caches\journal-1)" [_thread_blocked, id=5056, stack(0x000000001b130000,0x000000001b230000)]
  0x000000001935f800 JavaThread "File lock request listener" [_thread_in_native, id=4440, stack(0x000000001b030000,0x000000001b130000)]
  0x000000001997e800 JavaThread "Cache worker for file hash cache (C:\Users\USER214.GCLKOL0214\.gradle\caches\5.4.1\fileHashes)" [_thread_blocked, id=8264, stack(0x000000001af30000,0x000000001b030000)]
  0x0000000017f95800 JavaThread "Thread-9" [_thread_blocked, id=12336, stack(0x000000001ae30000,0x000000001af30000)]
  0x0000000017f94000 JavaThread "Stdin handler" [_thread_blocked, id=12772, stack(0x000000001ad30000,0x000000001ae30000)]
  0x0000000017f92000 JavaThread "Asynchronous log dispatcher for DefaultDaemonConnection: socket connection from /127.0.0.1:61921 to /127.0.0.1:61922" [_thread_blocked, id=13112, stack(0x000000001ac30000,0x000000001ad30000)]
  0x00000000198b0000 JavaThread "Daemon worker" [_thread_in_vm, id=1620, stack(0x000000001ab30000,0x000000001ac30000)]
  0x00000000198af000 JavaThread "Cancel handler" [_thread_blocked, id=12932, stack(0x000000001aa30000,0x000000001ab30000)]
  0x00000000182b1000 JavaThread "Handler for socket connection from /127.0.0.1:61921 to /127.0.0.1:61922" [_thread_in_native, id=4504, stack(0x000000001a730000,0x000000001a830000)]
  0x00000000182b0000 JavaThread "Daemon" [_thread_blocked, id=6968, stack(0x000000001a630000,0x000000001a730000)]
  0x0000000018523800 JavaThread "Daemon periodic checks" [_thread_blocked, id=9160, stack(0x000000001a530000,0x000000001a630000)]
  0x000000001851c800 JavaThread "Incoming local TCP Connector on port 61921" [_thread_in_native, id=9200, stack(0x000000001a2f0000,0x000000001a3f0000)]
  0x000000001975b800 JavaThread "Daemon health stats" [_thread_blocked, id=8820, stack(0x0000000019cb0000,0x0000000019db0000)]
  0x0000000017f08800 JavaThread "Service Thread" daemon [_thread_blocked, id=6404, stack(0x00000000182e0000,0x00000000183e0000)]
  0x0000000016599000 JavaThread "C1 CompilerThread2" daemon [_thread_in_native, id=1288, stack(0x0000000017de0000,0x0000000017ee0000)]
  0x000000001658d800 JavaThread "C2 CompilerThread1" daemon [_thread_in_native, id=9908, stack(0x0000000017ce0000,0x0000000017de0000)]
=>0x000000001658b800 JavaThread "C2 CompilerThread0" daemon [_thread_in_native, id=6264, stack(0x0000000017be0000,0x0000000017ce0000)]
  0x000000001658a000 JavaThread "Attach Listener" daemon [_thread_blocked, id=3828, stack(0x0000000017ae0000,0x0000000017be0000)]
  0x0000000016589000 JavaThread "Signal Dispatcher" daemon [_thread_blocked, id=1084, stack(0x00000000179e0000,0x0000000017ae0000)]
  0x0000000002c1b000 JavaThread "Finalizer" daemon [_thread_blocked, id=2024, stack(0x00000000177e0000,0x00000000178e0000)]
  0x0000000016579000 JavaThread "Reference Handler" daemon [_thread_blocked, id=7836, stack(0x00000000176e0000,0x00000000177e0000)]
  0x0000000002a1e000 JavaThread "main" [_thread_blocked, id=11964, stack(0x0000000002a20000,0x0000000002b20000)]

Other Threads:
  0x0000000016556800 VMThread [stack: 0x00000000175e0000,0x00000000176e0000] [id=9896]
  0x00000000165ee800 WatcherThread [stack: 0x00000000183e0000,0x00000000184e0000] [id=2460]

VM state:not at safepoint (normal execution)

VM Mutex/Monitor currently owned by a thread: None

heap address: 0x00000000a0000000, size: 1536 MB, Compressed Oops mode: 32-bit
Narrow klass base: 0x0000000000000000, Narrow klass shift: 3
Compressed class space size: 1073741824 Address: 0x0000000100000000

Heap:
 PSYoungGen      total 135168K, used 69422K [0x00000000e0000000, 0x00000000e9400000, 0x0000000100000000)
  eden space 122880K, 46% used [0x00000000e0000000,0x00000000e37cfce8,0x00000000e7800000)
  from space 12288K, 99% used [0x00000000e8700000,0x00000000e92fbcf0,0x00000000e9300000)
  to   space 14336K, 0% used [0x00000000e7800000,0x00000000e7800000,0x00000000e8600000)
 ParOldGen       total 95232K, used 18615K [0x00000000a0000000, 0x00000000a5d00000, 0x00000000e0000000)
  object space 95232K, 19% used [0x00000000a0000000,0x00000000a122df20,0x00000000a5d00000)
 Metaspace       used 46090K, capacity 47476K, committed 47616K, reserved 1089536K
  class space    used 6229K, capacity 6548K, committed 6656K, reserved 1048576K

Card table byte_map: [0x0000000011fe0000,0x00000000122f0000] byte_map_base: 0x0000000011ae0000

Marking Bits: (ParMarkBitMap*) 0x0000000059619f30
 Begin Bits: [0x00000000128f0000, 0x00000000140f0000)
 End Bits:   [0x00000000140f0000, 0x00000000158f0000)

Polling page: 0x00000000028f0000

CodeCache: size=245760Kb used=13469Kb max_used=13469Kb free=232290Kb
 bounds [0x0000000002c20000, 0x0000000003960000, 0x0000000011c20000]
 total_blobs=4602 nmethods=3846 adapters=670
 compilation: enabled

Compilation events (10 events):
Event: 17.449 Thread 0x0000000016599000 nmethod 4304 0x0000000003951990 code [0x0000000003951b00, 0x0000000003951cc8]
Event: 17.449 Thread 0x0000000016599000 4305       3       groovyjarjarasm.asm.SymbolTable::addConstantUtf8 (98 bytes)
Event: 17.449 Thread 0x0000000016599000 nmethod 4305 0x0000000003951d90 code [0x0000000003951f80, 0x0000000003952758]
Event: 17.449 Thread 0x0000000016599000 4306       3       groovyjarjarasm.asm.ByteVector::putShort (52 bytes)
Event: 17.450 Thread 0x0000000016599000 nmethod 4306 0x0000000003952b90 code [0x0000000003952d00, 0x0000000003952f48]
Event: 17.451 Thread 0x0000000016599000 4307       3       com.google.common.base.Equivalence$Equals::doEquivalent (6 bytes)
Event: 17.451 Thread 0x0000000016599000 nmethod 4307 0x00000000039530d0 code [0x0000000003953240, 0x0000000003953468]
Event: 17.454 Thread 0x0000000016599000 4308       1       groovyjarjarasm.asm.SymbolTable::getMajorVersion (5 bytes)
Event: 17.455 Thread 0x0000000016599000 nmethod 4308 0x0000000003953550 code [0x00000000039536a0, 0x00000000039537b0]
Event: 17.457 Thread 0x0000000016599000 4309       3       groovy.lang.MetaClassImpl::inheritInterfaceNewMetaMethods (199 bytes)

GC Heap History (10 events):
Event: 4.630 GC heap before
{Heap before GC invocations=8 (full 1):
 PSYoungGen      total 77312K, used 66560K [0x00000000e0000000, 0x00000000e5600000, 0x0000000100000000)
  eden space 66560K, 100% used [0x00000000e0000000,0x00000000e4100000,0x00000000e4100000)
  from space 10752K, 0% used [0x00000000e4b80000,0x00000000e4b80000,0x00000000e5600000)
  to   space 10752K, 0% used [0x00000000e4100000,0x00000000e4100000,0x00000000e4b80000)
 ParOldGen       total 61952K, used 8882K [0x00000000a0000000, 0x00000000a3c80000, 0x00000000e0000000)
  object space 61952K, 14% used [0x00000000a0000000,0x00000000a08acb18,0x00000000a3c80000)
 Metaspace       used 28334K, capacity 28896K, committed 29184K, reserved 1075200K
  class space    used 3904K, capacity 4095K, committed 4096K, reserved 1048576K
Event: 4.636 GC heap after
Heap after GC invocations=8 (full 1):
 PSYoungGen      total 77312K, used 7596K [0x00000000e0000000, 0x00000000e7700000, 0x0000000100000000)
  eden space 66560K, 0% used [0x00000000e0000000,0x00000000e0000000,0x00000000e4100000)
  from space 10752K, 70% used [0x00000000e4100000,0x00000000e486b1b8,0x00000000e4b80000)
  to   space 10752K, 0% used [0x00000000e6c80000,0x00000000e6c80000,0x00000000e7700000)
 ParOldGen       total 61952K, used 8890K [0x00000000a0000000, 0x00000000a3c80000, 0x00000000e0000000)
  object space 61952K, 14% used [0x00000000a0000000,0x00000000a08aeb18,0x00000000a3c80000)
 Metaspace       used 28334K, capacity 28896K, committed 29184K, reserved 1075200K
  class space    used 3904K, capacity 4095K, committed 4096K, reserved 1048576K
}
Event: 6.998 GC heap before
{Heap before GC invocations=9 (full 1):
 PSYoungGen      total 77312K, used 74156K [0x00000000e0000000, 0x00000000e7700000, 0x0000000100000000)
  eden space 66560K, 100% used [0x00000000e0000000,0x00000000e4100000,0x00000000e4100000)
  from space 10752K, 70% used [0x00000000e4100000,0x00000000e486b1b8,0x00000000e4b80000)
  to   space 10752K, 0% used [0x00000000e6c80000,0x00000000e6c80000,0x00000000e7700000)
 ParOldGen       total 61952K, used 8890K [0x00000000a0000000, 0x00000000a3c80000, 0x00000000e0000000)
  object space 61952K, 14% used [0x00000000a0000000,0x00000000a08aeb18,0x00000000a3c80000)
 Metaspace       used 32090K, capacity 32864K, committed 33152K, reserved 1077248K
  class space    used 4472K, capacity 4697K, committed 4736K, reserved 1048576K
Event: 7.007 GC heap after
Heap after GC invocations=9 (full 1):
 PSYoungGen      total 107520K, used 10049K [0x00000000e0000000, 0x00000000e7680000, 0x0000000100000000)
  eden space 97280K, 0% used [0x00000000e0000000,0x00000000e0000000,0x00000000e5f00000)
  from space 10240K, 98% used [0x00000000e6c80000,0x00000000e76505f0,0x00000000e7680000)
  to   space 11776K, 0% used [0x00000000e5f80000,0x00000000e5f80000,0x00000000e6b00000)
 ParOldGen       total 61952K, used 8898K [0x00000000a0000000, 0x00000000a3c80000, 0x00000000e0000000)
  object space 61952K, 14% used [0x00000000a0000000,0x00000000a08b0b18,0x00000000a3c80000)
 Metaspace       used 32090K, capacity 32864K, committed 33152K, reserved 1077248K
  class space    used 4472K, capacity 4697K, committed 4736K, reserved 1048576K
}
Event: 8.338 GC heap before
{Heap before GC invocations=10 (full 1):
 PSYoungGen      total 107520K, used 53794K [0x00000000e0000000, 0x00000000e7680000, 0x0000000100000000)
  eden space 97280K, 44% used [0x00000000e0000000,0x00000000e2ab8388,0x00000000e5f00000)
  from space 10240K, 98% used [0x00000000e6c80000,0x00000000e76505f0,0x00000000e7680000)
  to   space 11776K, 0% used [0x00000000e5f80000,0x00000000e5f80000,0x00000000e6b00000)
 ParOldGen       total 61952K, used 8898K [0x00000000a0000000, 0x00000000a3c80000, 0x00000000e0000000)
  object space 61952K, 14% used [0x00000000a0000000,0x00000000a08b0b18,0x00000000a3c80000)
 Metaspace       used 34531K, capacity 35442K, committed 35456K, reserved 1079296K
  class space    used 4767K, capacity 4987K, committed 4992K, reserved 1048576K
Event: 8.358 GC heap after
Heap after GC invocations=10 (full 1):
 PSYoungGen      total 109568K, used 10393K [0x00000000e0000000, 0x00000000e9300000, 0x0000000100000000)
  eden space 97792K, 0% used [0x00000000e0000000,0x00000000e0000000,0x00000000e5f80000)
  from space 11776K, 88% used [0x00000000e5f80000,0x00000000e69a6598,0x00000000e6b00000)
  to   space 12288K, 0% used [0x00000000e8700000,0x00000000e8700000,0x00000000e9300000)
 ParOldGen       total 61952K, used 8906K [0x00000000a0000000, 0x00000000a3c80000, 0x00000000e0000000)
  object space 61952K, 14% used [0x00000000a0000000,0x00000000a08b2b18,0x00000000a3c80000)
 Metaspace       used 34531K, capacity 35442K, committed 35456K, reserved 1079296K
  class space    used 4767K, capacity 4987K, committed 4992K, reserved 1048576K
}
Event: 8.358 GC heap before
{Heap before GC invocations=11 (full 2):
 PSYoungGen      total 109568K, used 10393K [0x00000000e0000000, 0x00000000e9300000, 0x0000000100000000)
  eden space 97792K, 0% used [0x00000000e0000000,0x00000000e0000000,0x00000000e5f80000)
  from space 11776K, 88% used [0x00000000e5f80000,0x00000000e69a6598,0x00000000e6b00000)
  to   space 12288K, 0% used [0x00000000e8700000,0x00000000e8700000,0x00000000e9300000)
 ParOldGen       total 61952K, used 8906K [0x00000000a0000000, 0x00000000a3c80000, 0x00000000e0000000)
  object space 61952K, 14% used [0x00000000a0000000,0x00000000a08b2b18,0x00000000a3c80000)
 Metaspace       used 34531K, capacity 35442K, committed 35456K, reserved 1079296K
  class space    used 4767K, capacity 4987K, committed 4992K, reserved 1048576K
Event: 8.426 GC heap after
Heap after GC invocations=11 (full 2):
 PSYoungGen      total 109568K, used 0K [0x00000000e0000000, 0x00000000e9300000, 0x0000000100000000)
  eden space 97792K, 0% used [0x00000000e0000000,0x00000000e0000000,0x00000000e5f80000)
  from space 11776K, 0% used [0x00000000e5f80000,0x00000000e5f80000,0x00000000e6b00000)
  to   space 12288K, 0% used [0x00000000e8700000,0x00000000e8700000,0x00000000e9300000)
 ParOldGen       total 95232K, used 17584K [0x00000000a0000000, 0x00000000a5d00000, 0x00000000e0000000)
  object space 95232K, 18% used [0x00000000a0000000,0x00000000a112c1e8,0x00000000a5d00000)
 Metaspace       used 34531K, capacity 35442K, committed 35456K, reserved 1079296K
  class space    used 4767K, capacity 4987K, committed 4992K, reserved 1048576K
}
Event: 16.037 GC heap before
{Heap before GC invocations=12 (full 2):
 PSYoungGen      total 109568K, used 97792K [0x00000000e0000000, 0x00000000e9300000, 0x0000000100000000)
  eden space 97792K, 100% used [0x00000000e0000000,0x00000000e5f80000,0x00000000e5f80000)
  from space 11776K, 0% used [0x00000000e5f80000,0x00000000e5f80000,0x00000000e6b00000)
  to   space 12288K, 0% used [0x00000000e8700000,0x00000000e8700000,0x00000000e9300000)
 ParOldGen       total 95232K, used 17584K [0x00000000a0000000, 0x00000000a5d00000, 0x00000000e0000000)
  object space 95232K, 18% used [0x00000000a0000000,0x00000000a112c1e8,0x00000000a5d00000)
 Metaspace       used 43338K, capacity 44624K, committed 44928K, reserved 1087488K
  class space    used 5889K, capacity 6187K, committed 6272K, reserved 1048576K
Event: 16.050 GC heap after
Heap after GC invocations=12 (full 2):
 PSYoungGen      total 135168K, used 12271K [0x00000000e0000000, 0x00000000e9400000, 0x0000000100000000)
  eden space 122880K, 0% used [0x00000000e0000000,0x00000000e0000000,0x00000000e7800000)
  from space 12288K, 99% used [0x00000000e8700000,0x00000000e92fbcf0,0x00000000e9300000)
  to   space 14336K, 0% used [0x00000000e7800000,0x00000000e7800000,0x00000000e8600000)
 ParOldGen       total 95232K, used 18615K [0x00000000a0000000, 0x00000000a5d00000, 0x00000000e0000000)
  object space 95232K, 19% used [0x00000000a0000000,0x00000000a122df20,0x00000000a5d00000)
 Metaspace       used 43338K, capacity 44624K, committed 44928K, reserved 1087488K
  class space    used 5889K, capacity 6187K, committed 6272K, reserved 1048576K
}

Deoptimization events (10 events):
Event: 15.840 Thread 0x00000000198b0000 Uncommon trap: reason=unstable_if action=reinterpret pc=0x00000000036a9528 method=java.util.jar.JarFile.maybeInstantiateVerifier()V @ 4
Event: 15.865 Thread 0x00000000198b0000 Uncommon trap: reason=unstable_if action=reinterpret pc=0x00000000035c0650 method=java.security.CodeSource.matchCerts(Ljava/security/CodeSource;Z)Z @ 11
Event: 16.016 Thread 0x00000000198b0000 Uncommon trap: reason=unstable_if action=reinterpret pc=0x00000000034af9b0 method=org.objectweb.asm.ByteVector.putUTF8(Ljava/lang/String;)Lorg/objectweb/asm/ByteVector; @ 93
Event: 16.190 Thread 0x00000000198b0000 Uncommon trap: reason=unstable_if action=reinterpret pc=0x0000000002db4300 method=java.util.concurrent.ConcurrentHashMap.addCount(JI)V @ 110
Event: 16.190 Thread 0x00000000198b0000 Uncommon trap: reason=unstable_if action=reinterpret pc=0x0000000002db35f4 method=java.util.concurrent.ConcurrentHashMap.addCount(JI)V @ 110
Event: 16.238 Thread 0x00000000198b0000 Uncommon trap: reason=null_check action=make_not_entrant pc=0x00000000037fe750 method=java.lang.ThreadLocal$ThreadLocalMap.getEntryAfterMiss(Ljava/lang/ThreadLocal;ILjava/lang/ThreadLocal$ThreadLocalMap$Entry;)Ljava/lang/ThreadLocal$ThreadLocalMap$Entry; 
Event: 17.067 Thread 0x00000000198b0000 Uncommon trap: reason=unstable_if action=reinterpret pc=0x00000000031c53bc method=org.gradle.internal.reflect.PropertyAccessorType.of(Ljava/lang/reflect/Method;)Lorg/gradle/internal/reflect/PropertyAccessorType; @ 56
Event: 17.421 Thread 0x00000000198b0000 Uncommon trap: reason=class_check action=maybe_recompile pc=0x00000000033fbbc0 method=java.lang.Throwable.<init>(Ljava/lang/String;Ljava/lang/Throwable;)V @ 24
Event: 17.440 Thread 0x00000000198b0000 Uncommon trap: reason=class_check action=maybe_recompile pc=0x000000000312d958 method=org.codehaus.groovy.runtime.metaclass.MetaMethodIndex.addMethodToList(Ljava/lang/Object;Lgroovy/lang/MetaMethod;)Ljava/lang/Object; @ 220
Event: 17.440 Thread 0x00000000198b0000 Uncommon trap: reason=class_check action=maybe_recompile pc=0x000000000312d958 method=org.codehaus.groovy.runtime.metaclass.MetaMethodIndex.addMethodToList(Ljava/lang/Object;Lgroovy/lang/MetaMethod;)Ljava/lang/Object; @ 220

Classes redefined (0 events):
No events

Internal exceptions (10 events):
Event: 17.438 Thread 0x00000000198b0000 Exception <a 'java/security/PrivilegedActionException'> (0x00000000e31d7298) thrown at [D:\src\AOSP-openjdk-cygwin\jdk8u\hotspot\src\share\vm\prims\jvm.cpp, line 1508]
Event: 17.438 Thread 0x00000000198b0000 Exception <a 'java/security/PrivilegedActionException'> (0x00000000e31e1b28) thrown at [D:\src\AOSP-openjdk-cygwin\jdk8u\hotspot\src\share\vm\prims\jvm.cpp, line 1508]
Event: 17.438 Thread 0x00000000198b0000 Exception <a 'java/security/PrivilegedActionException'> (0x00000000e31e28a8) thrown at [D:\src\AOSP-openjdk-cygwin\jdk8u\hotspot\src\share\vm\prims\jvm.cpp, line 1508]
Event: 17.439 Thread 0x00000000198b0000 Exception <a 'java/lang/ClassNotFoundException': groovy/lang/ReferenceCustomizer> (0x00000000e31f21f0) thrown at [D:\src\AOSP-openjdk-cygwin\jdk8u\hotspot\src\share\vm\classfile\systemDictionary.cpp, line 210]
Event: 17.443 Thread 0x00000000198b0000 Exception <a 'java/lang/ClassNotFoundException': org/gradle/api/internal/plugins/DefaultPluginContainerBeanInfo> (0x00000000e3365e28) thrown at [D:\src\AOSP-openjdk-cygwin\jdk8u\hotspot\src\share\vm\classfile\systemDictionary.cpp, line 210]
Event: 17.443 Thread 0x00000000198b0000 Exception <a 'java/lang/ClassNotFoundException': org/gradle/api/internal/plugins/DefaultPluginCollectionBeanInfo> (0x00000000e339e980) thrown at [D:\src\AOSP-openjdk-cygwin\jdk8u\hotspot\src\share\vm\classfile\systemDictionary.cpp, line 210]
Event: 17.444 Thread 0x00000000198b0000 Exception <a 'java/lang/ClassNotFoundException': org/gradle/api/internal/DefaultDomainObjectSetBeanInfo> (0x00000000e33d2380) thrown at [D:\src\AOSP-openjdk-cygwin\jdk8u\hotspot\src\share\vm\classfile\systemDictionary.cpp, line 210]
Event: 17.445 Thread 0x00000000198b0000 Exception <a 'java/lang/ClassNotFoundException': org/gradle/api/internal/DefaultDomainObjectSetCustomizer> (0x00000000e3407398) thrown at [D:\src\AOSP-openjdk-cygwin\jdk8u\hotspot\src\share\vm\classfile\systemDictionary.cpp, line 210]
Event: 17.446 Thread 0x00000000198b0000 Exception <a 'java/lang/ClassNotFoundException': org/gradle/api/internal/plugins/DefaultPluginCollectionCustomizer> (0x00000000e3453b68) thrown at [D:\src\AOSP-openjdk-cygwin\jdk8u\hotspot\src\share\vm\classfile\systemDictionary.cpp, line 210]
Event: 17.447 Thread 0x00000000198b0000 Exception <a 'java/lang/ClassNotFoundException': org/gradle/api/internal/plugins/DefaultPluginContainerCustomizer> (0x00000000e34bc7b8) thrown at [D:\src\AOSP-openjdk-cygwin\jdk8u\hotspot\src\share\vm\classfile\systemDictionary.cpp, line 210]

Events (10 events):
Event: 17.453 loading class org/codehaus/groovy/runtime/callsite/PogoMetaMethodSite$PogoCachedMethodSiteNoUnwrapNoCoerce
Event: 17.453 loading class org/codehaus/groovy/runtime/callsite/PogoMetaMethodSite$PogoCachedMethodSiteNoUnwrapNoCoerce done
Event: 17.453 loading class org/codehaus/groovy/runtime/callsite/PogoMetaMethodSite$PogoCachedMethodSite
Event: 17.453 loading class org/codehaus/groovy/runtime/callsite/PogoMetaMethodSite$PogoCachedMethodSite done
Event: 17.455 loading class org/codehaus/groovy/runtime/NullObject
Event: 17.455 loading class org/codehaus/groovy/runtime/NullObject done
Event: 17.455 loading class groovy/runtime/metaclass/org/gradle/api/internal/artifacts/configurations/DefaultConfigurationContainer_DecoratedMetaClass
Event: 17.455 loading class groovy/runtime/metaclass/org/gradle/api/internal/artifacts/configurations/DefaultConfigurationContainer_DecoratedMetaClass done
Event: 17.459 loading class org/gradle/api/internal/artifacts/configurations/DefaultConfigurationContainer_DecoratedBeanInfo
Event: 17.459 loading class org/gradle/api/internal/artifacts/configurations/DefaultConfigurationContainer_DecoratedBeanInfo done


Dynamic libraries:
0x00007ff786c00000 - 0x00007ff786c31000 	C:\Program Files\Android\Android Studio2\jre\bin\java.exe
0x00007ffcd1d00000 - 0x00007ffcd1ef0000 	C:\WINDOWS\SYSTEM32\ntdll.dll
0x00007ffcd1c00000 - 0x00007ffcd1cb2000 	C:\WINDOWS\System32\KERNEL32.DLL
0x00007ffccf020000 - 0x00007ffccf2c3000 	C:\WINDOWS\System32\KERNELBASE.dll
0x00007ffcd1160000 - 0x00007ffcd1203000 	C:\WINDOWS\System32\ADVAPI32.dll
0x00007ffcd13c0000 - 0x00007ffcd145e000 	C:\WINDOWS\System32\msvcrt.dll
0x00007ffcd0f50000 - 0x00007ffcd0fe7000 	C:\WINDOWS\System32\sechost.dll
0x00007ffcd0c60000 - 0x00007ffcd0d80000 	C:\WINDOWS\System32\RPCRT4.dll
0x00007ffcd0080000 - 0x00007ffcd0214000 	C:\WINDOWS\System32\USER32.dll
0x00007ffccf400000 - 0x00007ffccf421000 	C:\WINDOWS\System32\win32u.dll
0x00007ffcd0f20000 - 0x00007ffcd0f46000 	C:\WINDOWS\System32\GDI32.dll
0x00007ffccee80000 - 0x00007ffccf014000 	C:\WINDOWS\System32\gdi32full.dll
0x00007ffccec90000 - 0x00007ffcced2e000 	C:\WINDOWS\System32\msvcp_win.dll
0x00007ffccfc50000 - 0x00007ffccfd4a000 	C:\WINDOWS\System32\ucrtbase.dll
0x00007ffcc1690000 - 0x00007ffcc1915000 	C:\WINDOWS\WinSxS\amd64_microsoft.windows.common-controls_6595b64144ccf1df_6.0.18362.535_none_e6c3b34713100821\COMCTL32.dll
0x00007ffcd0770000 - 0x00007ffcd0aa6000 	C:\WINDOWS\System32\combase.dll
0x00007ffccf380000 - 0x00007ffccf400000 	C:\WINDOWS\System32\bcryptPrimitives.dll
0x00007ffcd14e0000 - 0x00007ffcd150e000 	C:\WINDOWS\System32\IMM32.DLL
0x0000000058d70000 - 0x0000000058e42000 	C:\Program Files\Android\Android Studio2\jre\jre\bin\msvcr100.dll
0x0000000058e50000 - 0x0000000059696000 	C:\Program Files\Android\Android Studio2\jre\jre\bin\server\jvm.dll
0x00007ffcd0ff0000 - 0x00007ffcd0ff8000 	C:\WINDOWS\System32\PSAPI.DLL
0x00007ffcc8c70000 - 0x00007ffcc8c7a000 	C:\WINDOWS\SYSTEM32\VERSION.dll
0x00007ffcc0610000 - 0x00007ffcc0619000 	C:\WINDOWS\SYSTEM32\WSOCK32.dll
0x00007ffccc290000 - 0x00007ffccc2b4000 	C:\WINDOWS\SYSTEM32\WINMM.dll
0x00007ffcd12e0000 - 0x00007ffcd134f000 	C:\WINDOWS\System32\WS2_32.dll
0x00007ffccc260000 - 0x00007ffccc28d000 	C:\WINDOWS\SYSTEM32\WINMMBASE.dll
0x00007ffccf480000 - 0x00007ffccf4ca000 	C:\WINDOWS\System32\cfgmgr32.dll
0x00007ffcc3a80000 - 0x00007ffcc3a8f000 	C:\Program Files\Android\Android Studio2\jre\jre\bin\verify.dll
0x00007ffcb2630000 - 0x00007ffcb2659000 	C:\Program Files\Android\Android Studio2\jre\jre\bin\java.dll
0x00007ffcbcb10000 - 0x00007ffcbcb26000 	C:\Program Files\Android\Android Studio2\jre\jre\bin\zip.dll
0x00007ffcd1510000 - 0x00007ffcd1bf5000 	C:\WINDOWS\System32\SHELL32.dll
0x00007ffccfdb0000 - 0x00007ffccfe59000 	C:\WINDOWS\System32\shcore.dll
0x00007ffccf4d0000 - 0x00007ffccfc4f000 	C:\WINDOWS\System32\windows.storage.dll
0x00007ffccec50000 - 0x00007ffccec6f000 	C:\WINDOWS\System32\profapi.dll
0x00007ffccebe0000 - 0x00007ffccec2a000 	C:\WINDOWS\System32\powrprof.dll
0x00007ffccebd0000 - 0x00007ffccebe0000 	C:\WINDOWS\System32\UMPDC.dll
0x00007ffcd1360000 - 0x00007ffcd13b2000 	C:\WINDOWS\System32\shlwapi.dll
0x00007ffccec30000 - 0x00007ffccec41000 	C:\WINDOWS\System32\kernel.appcore.dll
0x00007ffccf430000 - 0x00007ffccf447000 	C:\WINDOWS\System32\cryptsp.dll
0x00007ffcb2c60000 - 0x00007ffcb2c7a000 	C:\Program Files\Android\Android Studio2\jre\jre\bin\net.dll
0x00007ffcce440000 - 0x00007ffcce4a7000 	C:\WINDOWS\system32\mswsock.dll
0x00007ffcaf930000 - 0x00007ffcaf941000 	C:\Program Files\Android\Android Studio2\jre\jre\bin\nio.dll
0x00007ffcc3480000 - 0x00007ffcc34a6000 	C:\Users\USER214.GCLKOL0214\.gradle\native\29\windows-amd64\native-platform.dll
0x00007ffcc3a30000 - 0x00007ffcc3a3d000 	C:\Program Files\Android\Android Studio2\jre\jre\bin\management.dll
0x00007ffccdfb0000 - 0x00007ffccdfe3000 	C:\WINDOWS\system32\rsaenh.dll
0x00007ffccf450000 - 0x00007ffccf476000 	C:\WINDOWS\System32\bcrypt.dll
0x00007ffcceac0000 - 0x00007ffcceae5000 	C:\WINDOWS\SYSTEM32\USERENV.dll
0x00007ffcce610000 - 0x00007ffcce61c000 	C:\WINDOWS\SYSTEM32\CRYPTBASE.dll
0x00007ffcce150000 - 0x00007ffcce18a000 	C:\WINDOWS\SYSTEM32\IPHLPAPI.DLL
0x00007ffcd1350000 - 0x00007ffcd1358000 	C:\WINDOWS\System32\NSI.dll
0x00007ffcc4800000 - 0x00007ffcc4816000 	C:\WINDOWS\SYSTEM32\dhcpcsvc6.DLL
0x00007ffcc8860000 - 0x00007ffcc887c000 	C:\WINDOWS\SYSTEM32\dhcpcsvc.DLL
0x00007ffcce190000 - 0x00007ffcce25a000 	C:\WINDOWS\SYSTEM32\DNSAPI.dll

VM Arguments:
jvm_args: -Xmx1536m -Dfile.encoding=windows-1252 -Duser.country=US -Duser.language=en -Duser.variant 
java_command: org.gradle.launcher.daemon.bootstrap.GradleDaemon 5.4.1
java_class_path (initial): C:\Users\USER214.GCLKOL0214\.gradle\wrapper\dists\gradle-5.4.1-all\3221gyojl5jsh0helicew7rwx\gradle-5.4.1\lib\gradle-launcher-5.4.1.jar
Launcher Type: SUN_STANDARD

Environment Variables:
PATH=C:\WINDOWS\system32;C:\WINDOWS;C:\WINDOWS\System32\Wbem;C:\WINDOWS\System32\WindowsPowerShell\v1.0\;C:\WINDOWS\System32\OpenSSH\;C:\Program Files (x86)\Intel\Intel(R) Management Engine Components\DAL;C:\Program Files\Intel\Intel(R) Management Engine Components\DAL;C:\Users\USER214.GCLKOL0214\AppData\Local\Microsoft\WindowsApps;
USERNAME=USER214
OS=Windows_NT
PROCESSOR_IDENTIFIER=Intel64 Family 6 Model 158 Stepping 10, GenuineIntel



---------------  S Y S T E M  ---------------

OS: Windows 10.0 , 64 bit Build 18362 (10.0.18362.329)

CPU:total 4 (initial active 4) (2 cores per cpu, 2 threads per core) family 6 model 158 stepping 10, cmov, cx8, fxsr, mmx, sse, sse2, sse3, ssse3, sse4.1, sse4.2, popcnt, aes, clmul, erms, 3dnowpref, lzcnt, ht, tsc, tscinvbit

Memory: 4k page, physical 8257900k(650304k free), swap 33423724k(4120k free)

vm_info: OpenJDK 64-Bit Server VM (25.202-b03) for windows-amd64 JRE (1.8.0_202-release-1483-b03), built by "builder" with MS VC++ 10.0 (VS2010)

time: Mon Jan 27 12:18:40 2020
timezone: India Standard Time
elapsed time: 17 seconds (0d 0h 0m 17s)

