#
# There is insufficient memory for the Java Runtime Environment to continue.
# Native memory allocation (malloc) failed to allocate 1171696 bytes for Chunk::new
# Possible reasons:
#   The system is out of physical RAM or swap space
#   The process is running with CompressedOops enabled, and the Java Heap may be blocking the growth of the native heap
# Possible solutions:
#   Reduce memory load on the system
#   Increase physical memory or swap space
#   Check if swap backing store is full
#   Decrease Java heap size (-Xmx/-Xms)
#   Decrease number of Java threads
#   Decrease Java thread stack sizes (-Xss)
#   Set larger code cache with -XX:ReservedCodeCacheSize=
#   JVM is running with Unscaled Compressed Oops mode in which the Java heap is
#     placed in the first 4GB address space. The Java Heap base address is the
#     maximum limit for the native heap growth. Please use -XX:HeapBaseMinAddress
#     to set the Java Heap base and to place the Java Heap above 4GB virtual address.
# This output file may be truncated or incomplete.
#
#  Out of Memory Error (allocation.cpp:389), pid=8976, tid=0x0000000000001f10
#
# JRE version: OpenJDK Runtime Environment (8.0_202-b03) (build 1.8.0_202-release-1483-b03)
# Java VM: OpenJDK 64-Bit Server VM (25.202-b03 mixed mode windows-amd64 compressed oops)
# Failed to write core dump. Minidumps are not enabled by default on client versions of Windows
#

---------------  T H R E A D  ---------------

Current thread (0x000000001613c000):  JavaThread "C2 CompilerThread0" daemon [_thread_in_native, id=7952, stack(0x0000000017790000,0x0000000017890000)]

Stack: [0x0000000017790000,0x0000000017890000]
[error occurred during error reporting (printing stack bounds), id 0xc0000005]

Native frames: (J=compiled Java code, j=interpreted, Vv=VM code, C=native code)


Current CompileTask:
C2:6853280 12999 %     4       sun.java2d.marlin.DRenderer::_endRendering @ 768 (2464 bytes)


---------------  P R O C E S S  ---------------

Java Threads: ( => current thread )
  0x000000001c6da800 JavaThread "MarlinRenderer Disposer" daemon [_thread_blocked, id=12952, stack(0x0000000024ed0000,0x0000000024fd0000)]
  0x000000001c6d8000 JavaThread "Java2D Disposer" daemon [_thread_blocked, id=804, stack(0x0000000025840000,0x0000000025940000)]
  0x000000001c6dd800 JavaThread "WorkerExecutor Queue Thread 5" [_thread_in_Java, id=13172, stack(0x0000000025740000,0x0000000025840000)]
  0x000000001c6d9800 JavaThread "WorkerExecutor Queue Thread 4" [_thread_in_Java, id=8768, stack(0x0000000025540000,0x0000000025640000)]
  0x000000001c6d9000 JavaThread "WorkerExecutor Queue Thread 3" [_thread_blocked, id=2760, stack(0x0000000025440000,0x0000000025540000)]
  0x000000001c6d1800 JavaThread "WorkerExecutor Queue Thread 2" [_thread_in_native, id=8936, stack(0x0000000025340000,0x0000000025440000)]
  0x000000001c6d7800 JavaThread "WorkerExecutor Queue" [_thread_in_native, id=12920, stack(0x0000000025240000,0x0000000025340000)]
  0x000000001c6d6000 JavaThread "Cache worker for execution history cache (D:\GeniusPayHr\.gradle\5.4.1\executionHistory)" [_thread_blocked, id=3988, stack(0x000000001a9e0000,0x000000001aae0000)]
  0x000000001c6d6800 JavaThread "Execution worker for ':' Thread 3" [_thread_blocked, id=12332, stack(0x0000000024bd0000,0x0000000024cd0000)]
  0x000000001bcff800 JavaThread "Execution worker for ':' Thread 2" [_thread_blocked, id=12712, stack(0x0000000024ad0000,0x0000000024bd0000)]
  0x000000001bcff000 JavaThread "Execution worker for ':'" [_thread_blocked, id=6396, stack(0x00000000249d0000,0x0000000024ad0000)]
  0x000000001bcfd800 JavaThread "Cache worker for file content cache (D:\GeniusPayHr\.gradle\5.4.1\fileContent)" [_thread_blocked, id=232, stack(0x00000000245d0000,0x00000000246d0000)]
  0x000000001bcfc000 JavaThread "Cache worker for file content cache (C:\Users\USER214.GCLKOL0214\.gradle\caches\5.4.1\fileContent)" [_thread_blocked, id=10232, stack(0x0000000023ed0000,0x0000000023fd0000)]
  0x000000001bcfb000 JavaThread "Cache worker for Build Output Cleanup Cache (D:\GeniusPayHr\.gradle\buildOutputCleanup)" [_thread_blocked, id=7692, stack(0x00000000230f0000,0x00000000231f0000)]
  0x000000001bcfe000 JavaThread "Build operations Thread 4" [_thread_blocked, id=11920, stack(0x0000000020ec0000,0x0000000020fc0000)]
  0x000000001bd02000 JavaThread "Build operations Thread 3" [_thread_blocked, id=7148, stack(0x00000000207a0000,0x00000000208a0000)]
  0x000000001bcfa800 JavaThread "Build operations Thread 2" [_thread_blocked, id=6060, stack(0x00000000206a0000,0x00000000207a0000)]
  0x000000001bd00800 JavaThread "Build operations" [_thread_blocked, id=1004, stack(0x00000000205a0000,0x00000000206a0000)]
  0x000000001bd01000 JavaThread "Cache worker for cache directory md-rule (C:\Users\USER214.GCLKOL0214\.gradle\caches\5.4.1\md-rule)" [_thread_blocked, id=5516, stack(0x00000000204a0000,0x00000000205a0000)]
  0x000000001bcf3000 JavaThread "Cache worker for cache directory md-supplier (C:\Users\USER214.GCLKOL0214\.gradle\caches\5.4.1\md-supplier)" [_thread_blocked, id=1176, stack(0x000000001fc10000,0x000000001fd10000)]
  0x000000001bcf9800 JavaThread "Cache worker for file hash cache (D:\GeniusPayHr\.gradle\5.4.1\fileHashes)" [_thread_blocked, id=5976, stack(0x000000001fb10000,0x000000001fc10000)]
  0x000000001bcf9000 JavaThread "Thread-50" [_thread_blocked, id=12728, stack(0x000000001d180000,0x000000001d280000)]
  0x000000001bcf8000 JavaThread "Asynchronous log dispatcher for DefaultDaemonConnection: socket connection from /127.0.0.1:50679 to /127.0.0.1:51801" [_thread_blocked, id=5836, stack(0x000000001a6e0000,0x000000001a7e0000)]
  0x000000001bcf7800 JavaThread "Daemon worker Thread 3" [_thread_blocked, id=10072, stack(0x000000001a5e0000,0x000000001a6e0000)]
  0x000000001bcf5000 JavaThread "Cancel handler" [_thread_blocked, id=7296, stack(0x000000001a2e0000,0x000000001a3e0000)]
  0x000000001bcf6800 JavaThread "Handler for socket connection from /127.0.0.1:50679 to /127.0.0.1:51801" [_thread_in_native, id=7740, stack(0x000000001a1e0000,0x000000001a2e0000)]
  0x000000001bcf3800 JavaThread "Daemon Thread 3" [_thread_blocked, id=11404, stack(0x0000000000940000,0x0000000000a40000)]
  0x000000001c6d0800 JavaThread "Memory manager" [_thread_blocked, id=1672, stack(0x00000000219c0000,0x0000000021ac0000)]
  0x000000001c6cf000 JavaThread "Cache worker for execution history cache (C:\Users\USER214.GCLKOL0214\.gradle\caches\5.4.1\executionHistory)" [_thread_blocked, id=8152, stack(0x000000001fd10000,0x000000001fe10000)]
  0x0000000018a51800 JavaThread "Cache worker for journal cache (C:\Users\USER214.GCLKOL0214\.gradle\caches\journal-1)" [_thread_blocked, id=9872, stack(0x000000001ace0000,0x000000001ade0000)]
  0x0000000018a4f000 JavaThread "File lock request listener" [_thread_in_native, id=9324, stack(0x000000001abe0000,0x000000001ace0000)]
  0x0000000018206000 JavaThread "Cache worker for file hash cache (C:\Users\USER214.GCLKOL0214\.gradle\caches\5.4.1\fileHashes)" [_thread_blocked, id=2396, stack(0x000000001aae0000,0x000000001abe0000)]
  0x0000000018143000 JavaThread "Daemon periodic checks" [_thread_blocked, id=5676, stack(0x000000001a0e0000,0x000000001a1e0000)]
  0x0000000018142000 JavaThread "Incoming local TCP Connector on port 50679" [_thread_in_native, id=9388, stack(0x0000000019ea0000,0x0000000019fa0000)]
  0x0000000018b4b000 JavaThread "Daemon health stats" [_thread_blocked, id=6024, stack(0x0000000019860000,0x0000000019960000)]
  0x000000001619d000 JavaThread "Service Thread" daemon [_thread_blocked, id=9568, stack(0x0000000017e90000,0x0000000017f90000)]
  0x0000000016155800 JavaThread "C1 CompilerThread2" daemon [_thread_blocked, id=1572, stack(0x0000000017990000,0x0000000017a90000)]
  0x000000001614b000 JavaThread "C2 CompilerThread1" daemon [_thread_in_native, id=9372, stack(0x0000000017890000,0x0000000017990000)]
=>0x000000001613c000 JavaThread "C2 CompilerThread0" daemon [_thread_in_native, id=7952, stack(0x0000000017790000,0x0000000017890000)]
  0x0000000016139800 JavaThread "Attach Listener" daemon [_thread_blocked, id=7772, stack(0x0000000017690000,0x0000000017790000)]
  0x0000000016138800 JavaThread "Signal Dispatcher" daemon [_thread_blocked, id=10272, stack(0x0000000017590000,0x0000000017690000)]
  0x00000000026fa800 JavaThread "Finalizer" daemon [_thread_blocked, id=11780, stack(0x0000000017390000,0x0000000017490000)]
  0x0000000016129000 JavaThread "Reference Handler" daemon [_thread_blocked, id=10060, stack(0x0000000017290000,0x0000000017390000)]
  0x00000000027ce000 JavaThread "main" [_thread_blocked, id=7472, stack(0x00000000024a0000,0x00000000025a0000)]

Other Threads:
  0x0000000016105800 VMThread [stack: 0x0000000017190000,0x0000000017290000] [id=10836]
  0x000000001619e000 WatcherThread [stack: 0x0000000017f90000,0x0000000018090000] [id=12764]

VM state:not at safepoint (normal execution)

VM Mutex/Monitor currently owned by a thread: None

OutOfMemory and StackOverflow Exception counts:
OutOfMemoryError java_heap_errors=1

heap address: 0x00000000a0000000, size: 1536 MB, Compressed Oops mode: 32-bit
Narrow klass base: 0x0000000000000000, Narrow klass shift: 3
Compressed class space size: 1073741824 Address: 0x0000000100000000

Heap:
 PSYoungGen      total 219136K, used 54841K [0x00000000e0000000, 0x00000000efa00000, 0x0000000100000000)
  eden space 186368K, 29% used [0x00000000e0000000,0x00000000e358e4b8,0x00000000eb600000)
  from space 32768K, 0% used [0x00000000eda00000,0x00000000eda00000,0x00000000efa00000)
  to   space 34816K, 0% used [0x00000000eb600000,0x00000000eb600000,0x00000000ed800000)
 ParOldGen       total 145408K, used 101213K [0x00000000a0000000, 0x00000000a8e00000, 0x00000000e0000000)
  object space 145408K, 69% used [0x00000000a0000000,0x00000000a62d74a0,0x00000000a8e00000)
 Metaspace       used 88868K, capacity 91376K, committed 92376K, reserved 1132544K
  class space    used 11213K, capacity 11833K, committed 12032K, reserved 1048576K

Card table byte_map: [0x0000000011b90000,0x0000000011ea0000] byte_map_base: 0x0000000011690000

Marking Bits: (ParMarkBitMap*) 0x0000000051009f30
 Begin Bits: [0x00000000124a0000, 0x0000000013ca0000)
 End Bits:   [0x0000000013ca0000, 0x00000000154a0000)

Polling page: 0x0000000000c60000

CodeCache: size=245760Kb used=36508Kb max_used=37024Kb free=209251Kb
 bounds [0x00000000027d0000, 0x0000000004c30000, 0x00000000117d0000]
 total_blobs=11783 nmethods=10835 adapters=861
 compilation: enabled

Compilation events (10 events):
Event: 6853.002 Thread 0x0000000016155800 nmethod 13129 0x0000000003623dd0 code [0x0000000003623f20, 0x0000000003624030]
Event: 6853.004 Thread 0x0000000016155800 13130       1       sun.awt.image.IntegerInterleavedRaster::getDataStorage (5 bytes)
Event: 6853.004 Thread 0x0000000016155800 nmethod 13130 0x0000000003623b10 code [0x0000000003623c60, 0x0000000003623d70]
Event: 6853.018 Thread 0x0000000016155800 13131       2       org.slf4j.LoggerFactory::getLogger (65 bytes)
Event: 6853.019 Thread 0x0000000016155800 nmethod 13131 0x0000000003145790 code [0x0000000003145a40, 0x0000000003146638]
Event: 6853.019 Thread 0x0000000016155800 13132       1       com.sun.org.apache.xerces.internal.parsers.AbstractXMLDocumentParser::setDocumentSource (6 bytes)
Event: 6853.019 Thread 0x0000000016155800 nmethod 13132 0x00000000031454d0 code [0x0000000003145620, 0x0000000003145750]
Event: 6853.019 Thread 0x0000000016155800 13133       2       com.android.ide.common.vectordrawable.VdPath::addGradientIfExists (406 bytes)
Event: 6853.021 Thread 0x0000000016155800 nmethod 13133 0x000000000361f7d0 code [0x000000000361fc00, 0x0000000003620e58]
Event: 6853.021 Thread 0x0000000016155800 13139 %     3       sun.java2d.marlin.MarlinTileGenerator::getAlphaRLE @ 1526 (1781 bytes)

GC Heap History (10 events):
Event: 6850.853 GC heap before
{Heap before GC invocations=31 (full 7):
 PSYoungGen      total 221696K, used 64K [0x00000000e0000000, 0x00000000f0000000, 0x0000000100000000)
  eden space 183808K, 0% used [0x00000000e0000000,0x00000000e0000000,0x00000000eb380000)
  from space 37888K, 0% used [0x00000000ed680000,0x00000000ed690000,0x00000000efb80000)
  to   space 35840K, 0% used [0x00000000eb380000,0x00000000eb380000,0x00000000ed680000)
 ParOldGen       total 145408K, used 102344K [0x00000000a0000000, 0x00000000a8e00000, 0x00000000e0000000)
  object space 145408K, 70% used [0x00000000a0000000,0x00000000a63f23c0,0x00000000a8e00000)
 Metaspace       used 87965K, capacity 90410K, committed 91608K, reserved 1138688K
  class space    used 11129K, capacity 11736K, committed 12032K, reserved 1048576K
Event: 6851.089 GC heap after
Heap after GC invocations=31 (full 7):
 PSYoungGen      total 221696K, used 0K [0x00000000e0000000, 0x00000000f0000000, 0x0000000100000000)
  eden space 183808K, 0% used [0x00000000e0000000,0x00000000e0000000,0x00000000eb380000)
  from space 37888K, 0% used [0x00000000ed680000,0x00000000ed680000,0x00000000efb80000)
  to   space 35840K, 0% used [0x00000000eb380000,0x00000000eb380000,0x00000000ed680000)
 ParOldGen       total 145408K, used 102343K [0x00000000a0000000, 0x00000000a8e00000, 0x00000000e0000000)
  object space 145408K, 70% used [0x00000000a0000000,0x00000000a63f1f90,0x00000000a8e00000)
 Metaspace       used 87965K, capacity 90410K, committed 91608K, reserved 1130496K
  class space    used 11129K, capacity 11736K, committed 12032K, reserved 1048576K
}
Event: 6851.089 GC heap before
{Heap before GC invocations=32 (full 7):
 PSYoungGen      total 221696K, used 0K [0x00000000e0000000, 0x00000000f0000000, 0x0000000100000000)
  eden space 183808K, 0% used [0x00000000e0000000,0x00000000e0000000,0x00000000eb380000)
  from space 37888K, 0% used [0x00000000ed680000,0x00000000ed680000,0x00000000efb80000)
  to   space 35840K, 0% used [0x00000000eb380000,0x00000000eb380000,0x00000000ed680000)
 ParOldGen       total 145408K, used 102343K [0x00000000a0000000, 0x00000000a8e00000, 0x00000000e0000000)
  object space 145408K, 70% used [0x00000000a0000000,0x00000000a63f1f90,0x00000000a8e00000)
 Metaspace       used 87965K, capacity 90410K, committed 91608K, reserved 1134592K
  class space    used 11129K, capacity 11736K, committed 12032K, reserved 1048576K
Event: 6851.092 GC heap after
Heap after GC invocations=32 (full 7):
 PSYoungGen      total 219648K, used 0K [0x00000000e0000000, 0x00000000efd00000, 0x0000000100000000)
  eden space 183808K, 0% used [0x00000000e0000000,0x00000000e0000000,0x00000000eb380000)
  from space 35840K, 0% used [0x00000000eb380000,0x00000000eb380000,0x00000000ed680000)
  to   space 35840K, 0% used [0x00000000eda00000,0x00000000eda00000,0x00000000efd00000)
 ParOldGen       total 145408K, used 102343K [0x00000000a0000000, 0x00000000a8e00000, 0x00000000e0000000)
  object space 145408K, 70% used [0x00000000a0000000,0x00000000a63f1f90,0x00000000a8e00000)
 Metaspace       used 87965K, capacity 90410K, committed 91608K, reserved 1134592K
  class space    used 11129K, capacity 11736K, committed 12032K, reserved 1048576K
}
Event: 6851.092 GC heap before
{Heap before GC invocations=33 (full 8):
 PSYoungGen      total 219648K, used 0K [0x00000000e0000000, 0x00000000efd00000, 0x0000000100000000)
  eden space 183808K, 0% used [0x00000000e0000000,0x00000000e0000000,0x00000000eb380000)
  from space 35840K, 0% used [0x00000000eb380000,0x00000000eb380000,0x00000000ed680000)
  to   space 35840K, 0% used [0x00000000eda00000,0x00000000eda00000,0x00000000efd00000)
 ParOldGen       total 145408K, used 102343K [0x00000000a0000000, 0x00000000a8e00000, 0x00000000e0000000)
  object space 145408K, 70% used [0x00000000a0000000,0x00000000a63f1f90,0x00000000a8e00000)
 Metaspace       used 87965K, capacity 90410K, committed 91608K, reserved 1134592K
  class space    used 11129K, capacity 11736K, committed 12032K, reserved 1048576K
Event: 6851.233 GC heap after
Heap after GC invocations=33 (full 8):
 PSYoungGen      total 219648K, used 0K [0x00000000e0000000, 0x00000000efd00000, 0x0000000100000000)
  eden space 183808K, 0% used [0x00000000e0000000,0x00000000e0000000,0x00000000eb380000)
  from space 35840K, 0% used [0x00000000eb380000,0x00000000eb380000,0x00000000ed680000)
  to   space 35840K, 0% used [0x00000000eda00000,0x00000000eda00000,0x00000000efd00000)
 ParOldGen       total 145408K, used 102343K [0x00000000a0000000, 0x00000000a8e00000, 0x00000000e0000000)
  object space 145408K, 70% used [0x00000000a0000000,0x00000000a63f1f90,0x00000000a8e00000)
 Metaspace       used 87965K, capacity 90410K, committed 91608K, reserved 1130496K
  class space    used 11129K, capacity 11736K, committed 12032K, reserved 1048576K
}
Event: 6852.203 GC heap before
{Heap before GC invocations=34 (full 8):
 PSYoungGen      total 219648K, used 13276K [0x00000000e0000000, 0x00000000efd00000, 0x0000000100000000)
  eden space 183808K, 7% used [0x00000000e0000000,0x00000000e0cf7158,0x00000000eb380000)
  from space 35840K, 0% used [0x00000000eb380000,0x00000000eb380000,0x00000000ed680000)
  to   space 35840K, 0% used [0x00000000eda00000,0x00000000eda00000,0x00000000efd00000)
 ParOldGen       total 145408K, used 102343K [0x00000000a0000000, 0x00000000a8e00000, 0x00000000e0000000)
  object space 145408K, 70% used [0x00000000a0000000,0x00000000a63f1f90,0x00000000a8e00000)
 Metaspace       used 88645K, capacity 91122K, committed 92120K, reserved 1134592K
  class space    used 11201K, capacity 11796K, committed 12032K, reserved 1048576K
Event: 6852.211 GC heap after
Heap after GC invocations=34 (full 8):
 PSYoungGen      total 219136K, used 1116K [0x00000000e0000000, 0x00000000efa00000, 0x0000000100000000)
  eden space 186368K, 0% used [0x00000000e0000000,0x00000000e0000000,0x00000000eb600000)
  from space 32768K, 3% used [0x00000000eda00000,0x00000000edb17170,0x00000000efa00000)
  to   space 34816K, 0% used [0x00000000eb600000,0x00000000eb600000,0x00000000ed800000)
 ParOldGen       total 145408K, used 102351K [0x00000000a0000000, 0x00000000a8e00000, 0x00000000e0000000)
  object space 145408K, 70% used [0x00000000a0000000,0x00000000a63f3f90,0x00000000a8e00000)
 Metaspace       used 88645K, capacity 91122K, committed 92120K, reserved 1134592K
  class space    used 11201K, capacity 11796K, committed 12032K, reserved 1048576K
}
Event: 6852.211 GC heap before
{Heap before GC invocations=35 (full 9):
 PSYoungGen      total 219136K, used 1116K [0x00000000e0000000, 0x00000000efa00000, 0x0000000100000000)
  eden space 186368K, 0% used [0x00000000e0000000,0x00000000e0000000,0x00000000eb600000)
  from space 32768K, 3% used [0x00000000eda00000,0x00000000edb17170,0x00000000efa00000)
  to   space 34816K, 0% used [0x00000000eb600000,0x00000000eb600000,0x00000000ed800000)
 ParOldGen       total 145408K, used 102351K [0x00000000a0000000, 0x00000000a8e00000, 0x00000000e0000000)
  object space 145408K, 70% used [0x00000000a0000000,0x00000000a63f3f90,0x00000000a8e00000)
 Metaspace       used 88645K, capacity 91122K, committed 92120K, reserved 1134592K
  class space    used 11201K, capacity 11796K, committed 12032K, reserved 1048576K
Event: 6852.448 GC heap after
Heap after GC invocations=35 (full 9):
 PSYoungGen      total 219136K, used 0K [0x00000000e0000000, 0x00000000efa00000, 0x0000000100000000)
  eden space 186368K, 0% used [0x00000000e0000000,0x00000000e0000000,0x00000000eb600000)
  from space 32768K, 0% used [0x00000000eda00000,0x00000000eda00000,0x00000000efa00000)
  to   space 34816K, 0% used [0x00000000eb600000,0x00000000eb600000,0x00000000ed800000)
 ParOldGen       total 145408K, used 101213K [0x00000000a0000000, 0x00000000a8e00000, 0x00000000e0000000)
  object space 145408K, 69% used [0x00000000a0000000,0x00000000a62d74a0,0x00000000a8e00000)
 Metaspace       used 88645K, capacity 91122K, committed 92120K, reserved 1132544K
  class space    used 11201K, capacity 11796K, committed 12032K, reserved 1048576K
}

Deoptimization events (10 events):
Event: 6851.300 Thread 0x000000001c6d9800 Uncommon trap: reason=unstable_if action=reinterpret pc=0x000000000457ac94 method=java.lang.ref.SoftReference.get()Ljava/lang/Object; @ 6
Event: 6851.305 Thread 0x000000001c6d9800 Uncommon trap: reason=predicate action=maybe_recompile pc=0x0000000004b6ffd4 method=java.util.ComparableTimSort.binarySort([Ljava/lang/Object;III)V @ 37
Event: 6851.318 Thread 0x000000001c6d9800 Uncommon trap: reason=unstable_if action=reinterpret pc=0x00000000036282c0 method=java.lang.ref.SoftReference.get()Ljava/lang/Object; @ 6
Event: 6851.319 Thread 0x000000001c6d9800 Uncommon trap: reason=unstable_if action=reinterpret pc=0x00000000028e2e80 method=java.lang.ref.SoftReference.get()Ljava/lang/Object; @ 6
Event: 6851.849 Thread 0x000000001c6d7800 Uncommon trap: reason=bimorphic action=maybe_recompile pc=0x0000000003af912c method=java.util.Hashtable.addEntry(ILjava/lang/Object;Ljava/lang/Object;I)V @ 38
Event: 6851.949 Thread 0x000000001bcff000 Uncommon trap: reason=class_check action=maybe_recompile pc=0x0000000002dc0c80 method=java.lang.Throwable.<init>(Ljava/lang/String;Ljava/lang/Throwable;)V @ 24
Event: 6852.068 Thread 0x000000001c6d7800 Uncommon trap: reason=bimorphic action=maybe_recompile pc=0x0000000003af912c method=java.util.Hashtable.addEntry(ILjava/lang/Object;Ljava/lang/Object;I)V @ 38
Event: 6852.506 Thread 0x000000001c6d9800 Uncommon trap: reason=unstable_if action=reinterpret pc=0x00000000037e6b5c method=java.lang.ref.SoftReference.get()Ljava/lang/Object; @ 6
Event: 6852.728 Thread 0x000000001c6dd800 Uncommon trap: reason=bimorphic action=maybe_recompile pc=0x0000000003af912c method=java.util.Hashtable.addEntry(ILjava/lang/Object;Ljava/lang/Object;I)V @ 38
Event: 6852.818 Thread 0x000000001c6d1800 Uncommon trap: reason=bimorphic action=maybe_recompile pc=0x0000000003af912c method=java.util.Hashtable.addEntry(ILjava/lang/Object;Ljava/lang/Object;I)V @ 38

Classes redefined (0 events):
No events

Internal exceptions (10 events):
Event: 6851.316 Thread 0x000000001c6d9800 Exception <a 'java/lang/NoSuchMethodError': <clinit>> (0x00000000e0371ca8) thrown at [D:\src\AOSP-openjdk-cygwin\jdk8u\hotspot\src\share\vm\prims\jni.cpp, line 1614]
Event: 6851.316 Thread 0x000000001c6d9800 Exception <a 'java/lang/NoSuchMethodError': <clinit>> (0x00000000e0384870) thrown at [D:\src\AOSP-openjdk-cygwin\jdk8u\hotspot\src\share\vm\prims\jni.cpp, line 1614]
Event: 6851.318 Thread 0x000000001c6d9800 Exception <a 'java/lang/NoSuchMethodError': <clinit>> (0x00000000e03a4268) thrown at [D:\src\AOSP-openjdk-cygwin\jdk8u\hotspot\src\share\vm\prims\jni.cpp, line 1614]
Event: 6851.318 Thread 0x000000001c6d9800 Implicit null exception at 0x0000000003627cf8 to 0x0000000003628299
Event: 6851.319 Thread 0x000000001c6d9800 Exception <a 'java/lang/NoSuchMethodError': <clinit>> (0x00000000e03b91a8) thrown at [D:\src\AOSP-openjdk-cygwin\jdk8u\hotspot\src\share\vm\prims\jni.cpp, line 1614]
Event: 6851.319 Thread 0x000000001c6d9800 Implicit null exception at 0x00000000028e2903 to 0x00000000028e2e61
Event: 6852.506 Thread 0x000000001c6d9800 Implicit null exception at 0x00000000037e547f to 0x00000000037e6b45
Event: 6852.737 Thread 0x000000001c6d9000 Exception <a 'java/io/IOException'> (0x00000000e0c13880) thrown at [D:\src\AOSP-openjdk-cygwin\jdk8u\hotspot\src\share\vm\prims\jni.cpp, line 710]
Event: 6852.789 Thread 0x000000001c6d1800 Exception <a 'java/io/IOException'> (0x00000000e0fc8888) thrown at [D:\src\AOSP-openjdk-cygwin\jdk8u\hotspot\src\share\vm\prims\jni.cpp, line 710]
Event: 6852.793 Thread 0x000000001c6d7800 Exception <a 'java/io/IOException'> (0x00000000e1050c68) thrown at [D:\src\AOSP-openjdk-cygwin\jdk8u\hotspot\src\share\vm\prims\jni.cpp, line 710]

Events (10 events):
Event: 6852.912 loading class java/awt/MultipleGradientPaintContext done
Event: 6852.912 loading class java/awt/LinearGradientPaintContext done
Event: 6852.922 Thread 0x000000001c6d7800 DEOPT PACKING pc=0x0000000003888557 sp=0x000000002533dff0
Event: 6852.922 Thread 0x000000001c6d7800 DEOPT UNPACKING pc=0x00000000028171d0 sp=0x000000002533dd58 mode 0
Event: 6852.927 Thread 0x000000001c6d7800 DEOPT PACKING pc=0x0000000003888557 sp=0x000000002533dff0
Event: 6852.927 Thread 0x000000001c6d7800 DEOPT UNPACKING pc=0x00000000028171d0 sp=0x000000002533dd58 mode 0
Event: 6852.930 Thread 0x000000001c6d7800 DEOPT PACKING pc=0x0000000003888557 sp=0x000000002533dff0
Event: 6852.930 Thread 0x000000001c6d7800 DEOPT UNPACKING pc=0x00000000028171d0 sp=0x000000002533dd58 mode 0
Event: 6852.958 Thread 0x000000001c6d1800 DEOPT PACKING pc=0x0000000003888557 sp=0x000000002543df50
Event: 6852.959 Thread 0x000000001c6d1800 DEOPT UNPACKING pc=0x00000000028171d0 sp=0x000000002543dcb8 mode 0


Dynamic libraries:
0x00007ff65a9e0000 - 0x00007ff65aa11000 	C:\Program Files\Android\Android Studio2\jre\bin\java.exe
0x00007ff8f73e0000 - 0x00007ff8f75d0000 	C:\WINDOWS\SYSTEM32\ntdll.dll
0x00007ff8f5880000 - 0x00007ff8f5932000 	C:\WINDOWS\System32\KERNEL32.DLL
0x00007ff8f5090000 - 0x00007ff8f5333000 	C:\WINDOWS\System32\KERNELBASE.dll
0x00007ff8f68d0000 - 0x00007ff8f6973000 	C:\WINDOWS\System32\ADVAPI32.dll
0x00007ff8f6450000 - 0x00007ff8f64ee000 	C:\WINDOWS\System32\msvcrt.dll
0x00007ff8f64f0000 - 0x00007ff8f6587000 	C:\WINDOWS\System32\sechost.dll
0x00007ff8f61e0000 - 0x00007ff8f6300000 	C:\WINDOWS\System32\RPCRT4.dll
0x00007ff8f7130000 - 0x00007ff8f72c4000 	C:\WINDOWS\System32\USER32.dll
0x00007ff8f4470000 - 0x00007ff8f4491000 	C:\WINDOWS\System32\win32u.dll
0x00007ff8f6a10000 - 0x00007ff8f6a36000 	C:\WINDOWS\System32\GDI32.dll
0x00007ff8f44f0000 - 0x00007ff8f4684000 	C:\WINDOWS\System32\gdi32full.dll
0x00007ff8f4690000 - 0x00007ff8f472e000 	C:\WINDOWS\System32\msvcp_win.dll
0x00007ff8f4370000 - 0x00007ff8f446a000 	C:\WINDOWS\System32\ucrtbase.dll
0x00007ff8dbf80000 - 0x00007ff8dc205000 	C:\WINDOWS\WinSxS\amd64_microsoft.windows.common-controls_6595b64144ccf1df_6.0.18362.535_none_e6c3b34713100821\COMCTL32.dll
0x00007ff8f5540000 - 0x00007ff8f5876000 	C:\WINDOWS\System32\combase.dll
0x00007ff8f5340000 - 0x00007ff8f53c0000 	C:\WINDOWS\System32\bcryptPrimitives.dll
0x00007ff8f68a0000 - 0x00007ff8f68ce000 	C:\WINDOWS\System32\IMM32.DLL
0x0000000050760000 - 0x0000000050832000 	C:\Program Files\Android\Android Studio2\jre\jre\bin\msvcr100.dll
0x0000000050840000 - 0x0000000051086000 	C:\Program Files\Android\Android Studio2\jre\jre\bin\server\jvm.dll
0x00007ff8f5ba0000 - 0x00007ff8f5ba8000 	C:\WINDOWS\System32\PSAPI.DLL
0x00007ff8f1bb0000 - 0x00007ff8f1bd4000 	C:\WINDOWS\SYSTEM32\WINMM.dll
0x00007ff8dfa80000 - 0x00007ff8dfa89000 	C:\WINDOWS\SYSTEM32\WSOCK32.dll
0x00007ff8eeac0000 - 0x00007ff8eeaca000 	C:\WINDOWS\SYSTEM32\VERSION.dll
0x00007ff8f63e0000 - 0x00007ff8f644f000 	C:\WINDOWS\System32\WS2_32.dll
0x00007ff8f1b80000 - 0x00007ff8f1bad000 	C:\WINDOWS\SYSTEM32\WINMMBASE.dll
0x00007ff8f44a0000 - 0x00007ff8f44ea000 	C:\WINDOWS\System32\cfgmgr32.dll
0x00007ff8f06c0000 - 0x00007ff8f06cf000 	C:\Program Files\Android\Android Studio2\jre\jre\bin\verify.dll
0x00007ff8d2d90000 - 0x00007ff8d2db9000 	C:\Program Files\Android\Android Studio2\jre\jre\bin\java.dll
0x00007ff8d2cf0000 - 0x00007ff8d2d06000 	C:\Program Files\Android\Android Studio2\jre\jre\bin\zip.dll
0x00007ff8f6a40000 - 0x00007ff8f7125000 	C:\WINDOWS\System32\SHELL32.dll
0x00007ff8f5490000 - 0x00007ff8f5539000 	C:\WINDOWS\System32\shcore.dll
0x00007ff8f4730000 - 0x00007ff8f4eaf000 	C:\WINDOWS\System32\windows.storage.dll
0x00007ff8f42c0000 - 0x00007ff8f42df000 	C:\WINDOWS\System32\profapi.dll
0x00007ff8f4320000 - 0x00007ff8f436a000 	C:\WINDOWS\System32\powrprof.dll
0x00007ff8f42b0000 - 0x00007ff8f42c0000 	C:\WINDOWS\System32\UMPDC.dll
0x00007ff8f6840000 - 0x00007ff8f6892000 	C:\WINDOWS\System32\shlwapi.dll
0x00007ff8f4300000 - 0x00007ff8f4311000 	C:\WINDOWS\System32\kernel.appcore.dll
0x00007ff8f53c0000 - 0x00007ff8f53d7000 	C:\WINDOWS\System32\cryptsp.dll
0x00007ff8cdd30000 - 0x00007ff8cdd4a000 	C:\Program Files\Android\Android Studio2\jre\jre\bin\net.dll
0x00007ff8f3b20000 - 0x00007ff8f3b87000 	C:\WINDOWS\system32\mswsock.dll
0x00007ff8cdd10000 - 0x00007ff8cdd21000 	C:\Program Files\Android\Android Studio2\jre\jre\bin\nio.dll
0x00007ff8e6930000 - 0x00007ff8e6956000 	C:\Users\USER214.GCLKOL0214\.gradle\native\29\windows-amd64\native-platform.dll
0x00007ff8e67f0000 - 0x00007ff8e67fd000 	C:\Program Files\Android\Android Studio2\jre\jre\bin\management.dll
0x00007ff8f3690000 - 0x00007ff8f36c3000 	C:\WINDOWS\system32\rsaenh.dll
0x00007ff8f4eb0000 - 0x00007ff8f4ed6000 	C:\WINDOWS\System32\bcrypt.dll
0x00007ff8f41d0000 - 0x00007ff8f41f5000 	C:\WINDOWS\SYSTEM32\USERENV.dll
0x00007ff8f3cf0000 - 0x00007ff8f3cfc000 	C:\WINDOWS\SYSTEM32\CRYPTBASE.dll
0x00007ff8f3830000 - 0x00007ff8f386a000 	C:\WINDOWS\SYSTEM32\IPHLPAPI.DLL
0x00007ff8f66f0000 - 0x00007ff8f66f8000 	C:\WINDOWS\System32\NSI.dll
0x00007ff8ea7a0000 - 0x00007ff8ea7b6000 	C:\WINDOWS\SYSTEM32\dhcpcsvc6.DLL
0x00007ff8ea780000 - 0x00007ff8ea79c000 	C:\WINDOWS\SYSTEM32\dhcpcsvc.DLL
0x00007ff8f3870000 - 0x00007ff8f393a000 	C:\WINDOWS\SYSTEM32\DNSAPI.dll
0x00007ff8c6a40000 - 0x00007ff8c6a64000 	C:\Program Files\Android\Android Studio2\jre\jre\bin\sunec.dll
0x00007ff8e8530000 - 0x00007ff8e853a000 	C:\Windows\System32\rasadhlp.dll
0x00007ff8ea580000 - 0x00007ff8ea5f7000 	C:\WINDOWS\System32\fwpuclnt.dll
0x00007ff8e6990000 - 0x00007ff8e699b000 	C:\Program Files\Android\Android Studio2\jre\jre\bin\sunmscapi.dll
0x00007ff8f4ee0000 - 0x00007ff8f5029000 	C:\WINDOWS\System32\CRYPT32.dll
0x00007ff8f42e0000 - 0x00007ff8f42f2000 	C:\WINDOWS\System32\MSASN1.dll
0x00007ff8beec0000 - 0x00007ff8bf05c000 	C:\Program Files\Android\Android Studio2\jre\jre\bin\awt.dll
0x00007ff8f72d0000 - 0x00007ff8f7394000 	C:\WINDOWS\System32\OLEAUT32.dll
0x00007ff8f26c0000 - 0x00007ff8f26ed000 	C:\WINDOWS\SYSTEM32\dwmapi.dll
0x00007ff8f0d20000 - 0x00007ff8f12e0000 	C:\WINDOWS\SYSTEM32\d2d1.dll
0x00007ff8f2410000 - 0x00007ff8f249f000 	C:\WINDOWS\SYSTEM32\apphelp.dll
0x00007ff8f25d0000 - 0x00007ff8f2669000 	C:\WINDOWS\system32\uxtheme.dll

VM Arguments:
jvm_args: -Xmx1536m -Dfile.encoding=windows-1252 -Duser.country=US -Duser.language=en -Duser.variant 
java_command: org.gradle.launcher.daemon.bootstrap.GradleDaemon 5.4.1
java_class_path (initial): C:\Users\USER214.GCLKOL0214\.gradle\wrapper\dists\gradle-5.4.1-all\3221gyojl5jsh0helicew7rwx\gradle-5.4.1\lib\gradle-launcher-5.4.1.jar
Launcher Type: SUN_STANDARD

Environment Variables:
PATH=C:\WINDOWS\system32;C:\WINDOWS;C:\WINDOWS\System32\Wbem;C:\WINDOWS\System32\WindowsPowerShell\v1.0\;C:\WINDOWS\System32\OpenSSH\;C:\Program Files (x86)\Intel\Intel(R) Management Engine Components\DAL;C:\Program Files\Intel\Intel(R) Management Engine Components\DAL;C:\Users\USER214.GCLKOL0214\AppData\Local\Microsoft\WindowsApps;
USERNAME=USER214
OS=Windows_NT
PROCESSOR_IDENTIFIER=Intel64 Family 6 Model 158 Stepping 10, GenuineIntel



---------------  S Y S T E M  ---------------

OS: Windows 10.0 , 64 bit Build 18362 (10.0.18362.329)

CPU:total 4 (initial active 4) (2 cores per cpu, 2 threads per core) family 6 model 158 stepping 10, cmov, cx8, fxsr, mmx, sse, sse2, sse3, ssse3, sse4.1, sse4.2, popcnt, aes, clmul, erms, 3dnowpref, lzcnt, ht, tsc, tscinvbit

Memory: 4k page, physical 8257900k(1328368k free), swap 33423724k(0k free)

vm_info: OpenJDK 64-Bit Server VM (25.202-b03) for windows-amd64 JRE (1.8.0_202-release-1483-b03), built by "builder" with MS VC++ 10.0 (VS2010)

time: Thu Feb 06 15:59:13 2020
timezone: India Standard Time
elapsed time: 6853 seconds (0d 1h 54m 13s)

